-git add ntuser.dat.LOG1

Administrator@TXXC520ZA99FVXM MINGW32 ~ (master|BISECTING)
$ git add ntuser.dat.LOG1
error: open("ntuser.dat.LOG1"): Permission denied
error: unable to index file ntuser.dat.LOG1
fatal: adding files failed

Administrator@TXXC520ZA99FVXM MINGW32 ~ (master|BISECTING)
$

Administrator@TXXC520ZA99FVXM MINGW32 ~ (master|BISECTING)
$ git add ntuser.dat.LOG2
error: open("ntuser.dat.LOG2"): Permission denied
error: unable to index file ntuser.dat.LOG2
fatal: adding files failed

Administrator@TXXC520ZA99FVXM MINGW32 ~ (master|BISECTING)
$

Administrator@TXXC520ZA99FVXM MINGW32 ~ (master|BISECTING)
$ git add ntuser.ini

Administrator@TXXC520ZA99FVXM MINGW32 ~ (master|BISECTING)
$ git add package-lock.json
warning: LF will be replaced by CRLF in package-lock.json.
The file will have its original line endings in your working directory.

Administrator@TXXC520ZA99FVXM MINGW32 ~ (master|BISECTING)
$ git add tmrowapp-contrib/

Administrator@TXXC520ZA99FVXM MINGW32 ~ (master|BISECTING)
$

-ob_spec &

Administrator@TXXC520ZA99FVXM MINGW32 ~ (master|BISECTING)
$ job_spec &
[1] 6892
bash: job_spec: command not found
[1]+  Exit 127                job_spec

Administrator@TXXC520ZA99FVXM MINGW32 ~ (master|BISECTING)
$ job_spec clone&init
[1] 644
bash: job_spec: command not found
bash: init: command not found
[1]+  Exit 127                job_spec clone

Administrator@TXXC520ZA99FVXM MINGW32 ~ (master|BISECTING)
$

-alias -p name=value clone

Administrator@TXXC520ZA99FVXM MINGW32 ~ (master|BISECTING)
$ alias -p name=value clone
alias [name[='value]'
alias ll='ls -l'
alias ls='ls -F --color=auto --show-control-chars'
alias node='winpty node.exe'
bash: alias: clone: not found

Administrator@TXXC520ZA99FVXM MINGW32 ~ (master|BISECTING)
$

-break [n]
Ber-arti for, while, or until loop. Baru kemudian n.

-cd -L|-P -e -@ dir

Administrator@TXXC520ZA99FVXM MINGW32 ~ (master|BISECTING)
$ cd -L|-P -e -@ dir
bash: -P: command not found

Administrator@TXXC520ZA99FVXM MINGW32 ~ (master|BISECTING)
$

Administrator@TXXC520ZA99FVXM MINGW32 ~ (master|BISECTING)
$ cd -L -e -@ dir
bash: cd: -@: invalid option
cd: usage: cd [-L|[-P [-e]] [-@]] [dir]

Administrator@TXXC520ZA99FVXM MINGW32 ~ (master|BISECTING)
$

-command -pVv command C:/Users/Administrator/UsersAdministrator.gitconfig/.git/

Administrator@TXXC520ZA99FVXM MINGW32 ~ (master|BISECTING)
$ command -pVv command C:/Users/Administrator/UsersAdministrator.gitconfig/.git/
command

Administrator@TXXC520ZA99FVXM MINGW32 ~ (master|BISECTING)
$

-compgen -abcdefgjksuv -o option

Administrator@TXXC520ZA99FVXM MINGW32 ~ (master|BISECTING)
$ compgen -abcdefgjksuv -o option
bash: compgen: option: invalid option name

Administrator@TXXC520ZA99FVXM MINGW32 ~ (master|BISECTING)
$ compgen -abcdefgjksuv -o
bash: compgen: -o: option requires an argument
compgen: usage: compgen [-abcdefgjksuv] [-o option] [-A action] [-G globpat] [-W wordlist]  [-F function] [-C command] [-X filterpat] [-P prefix] [-S suffix] [word]

Administrator@TXXC520ZA99FVXM MINGW32 ~ (master|BISECTING)
$

