-export name

Administrator@TXXC520ZA99FVXM MINGW32 ~ (master|BISECTING)
$ export name

Administrator@TXXC520ZA99FVXM MINGW32 ~ (master|BISECTING)
$ export =value
bash: export: `=value': not a valid identifier

Administrator@TXXC520ZA99FVXM MINGW32 ~ (master|BISECTING)
$ export value

Administrator@TXXC520ZA99FVXM MINGW32 ~ (master|BISECTING)
$ export ex

Administrator@TXXC520ZA99FVXM MINGW32 ~ (master|BISECTING)
$

-exit n
Ada kata-kata logout dan shell menghilang.

-exec -cl

Administrator@TXXC520ZA99FVXM MINGW32 ~ (master|BISECTING)
$ exec -cl

Administrator@TXXC520ZA99FVXM MINGW32 ~ (master|BISECTING)
$ exec -a name

Administrator@TXXC520ZA99FVXM MINGW32 ~ (master|BISECTING)
$ exec command
bash: exec: command: not found

Administrator@TXXC520ZA99FVXM MINGW32 ~ (master|BISECTING)
$ exec argume
bash: exec: argume: not found

Administrator@TXXC520ZA99FVXM MINGW32 ~ (master|BISECTING)
$

-eval arg

Administrator@TXXC520ZA99FVXM MINGW32 ~ (master|BISECTING)
$ eval arg
bash: arg: command not found

Administrator@TXXC520ZA99FVXM MINGW32 ~ (master|BISECTING)
$

-enable na

Administrator@TXXC520ZA99FVXM MINGW32 ~ (master|BISECTING)
$ enable na
bash: enable: na: not a shell builtin

Administrator@TXXC520ZA99FVXM MINGW32 ~ (master|BISECTING)
$

-enable -f

Administrator@TXXC520ZA99FVXM MINGW32 ~ (master|BISECTING)
$ enable -f
bash: enable: -f: option requires an argument
enable: usage: enable [-a] [-dnps] [-f filename] [name ...]

Administrator@TXXC520ZA99FVXM MINGW32 ~ (master|BISECTING)
$

-enable -a

Administrator@TXXC520ZA99FVXM MINGW32 ~ (master|BISECTING)
$ enable -a
enable .
enable :
enable [
enable alias
enable bg
enable bind
enable break
enable builtin
enable caller
enable cd
enable command
enable compgen
enable complete
enable compopt
enable continue
enable declare
enable dirs
enable disown
enable echo
enable enable
enable eval
enable exec
enable exit
enable export
enable false
enable fc
enable fg
enable getopts
enable hash
enable help
enable history
enable jobs
enable kill
enable let
enable local
enable logout
enable mapfile
enable popd
enable printf
enable pushd
enable pwd
enable read
enable readarray
enable readonly
enable return
enable set
enable shift
enable shopt
enable source
enable suspend
enable test
enable times
enable trap
enable true
enable type
enable typeset
enable ulimit
enable umask
enable unalias
enable unset
enable wait

Administrator@TXXC520ZA99FVXM MINGW32 ~ (master|BISECTING)
$

-echo -neE

Administrator@TXXC520ZA99FVXM MINGW32 ~ (master|BISECTING)
$ echo -neE

Administrator@TXXC520ZA99FVXM MINGW32 ~ (master|BISECTING)
$ echo arg
arg

Administrator@TXXC520ZA99FVXM MINGW32 ~ (master|BISECTING)
$ echo arg C:\Program Files\Git\mingw32/share/info
arg C:Program FilesGitmingw32/share/info

Administrator@TXXC520ZA99FVXM MINGW32 ~ (master|BISECTING)
$ echo arg C:\Program Files\Git\mingw32\share\info
arg C:Program FilesGitmingw32shareinfo

Administrator@TXXC520ZA99FVXM MINGW32 ~ (master|BISECTING)
$

-disown -h

Administrator@TXXC520ZA99FVXM MINGW32 ~ (master|BISECTING)
$ disown -h
bash: disown: current: no such job

Administrator@TXXC520ZA99FVXM MINGW32 ~ (master|BISECTING)
$ disown -ar

Administrator@TXXC520ZA99FVXM MINGW32 ~ (master|BISECTING)
$ disown jobspec hacker | pid
bash: disown: jobspec: no such job
bash: disown: hacker: no such job
bash: pid: command not found

Administrator@TXXC520ZA99FVXM MINGW32 ~ (master|BISECTING)
$

-dirs -clpv

Administrator@TXXC520ZA99FVXM MINGW32 ~ (master|BISECTING)
$ dirs -clpv
bash: dirs: -clpv: invalid number
dirs: usage: dirs [-clpv] [+N] [-N]

Administrator@TXXC520ZA99FVXM MINGW32 ~ (master|BISECTING)
$ dirs +N
bash: dirs: +N: invalid number
dirs: usage: dirs [-clpv] [+N] [-N]

Administrator@TXXC520ZA99FVXM MINGW32 ~ (master|BISECTING)
$ dirs -N
bash: dirs: -N: invalid number
dirs: usage: dirs [-clpv] [+N] [-N]

Administrator@TXXC520ZA99FVXM MINGW32 ~ (master|BISECTING)
$

-declare name

Administrator@TXXC520ZA99FVXM MINGW32 ~ (master|BISECTING)
$ declare name

Administrator@TXXC520ZA99FVXM MINGW32 ~ (master|BISECTING)
$ declare =v
bash: declare: `=v': not a valid identifier

Administrator@TXXC520ZA99FVXM MINGW32 ~ (master|BISECTING)
$ declare v

Administrator@TXXC520ZA99FVXM MINGW32 ~ (master|BISECTING)
$ declare name =v
bash: declare: `=v': not a valid identifier

Administrator@TXXC520ZA99FVXM MINGW32 ~ (master|BISECTING)
$ declare name v

Administrator@TXXC520ZA99FVXM MINGW32 ~ (master|BISECTING)
$

-declare -aAfFgilnrtux

Administrator@TXXC520ZA99FVXM MINGW32 ~ (master|BISECTING)
$ declare -aAfFgilnrtux

Administrator@TXXC520ZA99FVXM MINGW32 ~ (master|BISECTING)
$

-declare -p

Administrator@TXXC520ZA99FVXM MINGW32 ~ (master|BISECTING)
$ declare -p
declare -x !::
declare -x ACLOCAL_PATH="/mingw32/share/aclocal:/usr/share/aclocal"
declare -x ALLUSERSPROFILE="C:\\ProgramData"
declare -x APPDATA="C:\\Users\\Administrator\\AppData\\Roaming"
declare -- BASH="/usr/bin/bash"
declare -r BASHOPTS="cmdhist:complete_fullquote:expand_aliases:extquote:force_fignore:hostcomplete:interactive_comments:login_shell:progcomp:promptvars:sourcepath"
declare -ir BASHPID
declare -A BASH_ALIASES=()
declare -a BASH_ARGC=()
declare -a BASH_ARGV=()
declare -A BASH_CMDS=()
declare -- BASH_COMMAND
declare -a BASH_LINENO=()
declare -a BASH_SOURCE=()
declare -- BASH_SUBSHELL
declare -ar BASH_VERSINFO=([0]="4" [1]="4" [2]="12" [3]="1" [4]="release" [5]="i686-pc-msys")
declare -- BASH_VERSION="4.4.12(1)-release"
declare -- COLUMNS="80"
declare -x COMMONPROGRAMFILES="C:\\Program Files\\Common Files"
declare -- COMPLETION_PATH="C:\\Program Files\\Git\\mingw32/share/git/completion"
declare -x COMPUTERNAME="TXXC520ZA99FVXM"
declare -- COMP_WORDBREAKS="
\"'@><=;|&(:"
declare -x COMSPEC="C:\\WINDOWS\\system32\\cmd.exe"
declare -x CONFIG_SITE="/mingw32/etc/config.site"
declare -a DIRSTACK=()
declare -x DISPLAY="needs-to-be-defined"
declare -x DriverData="C:\\Windows\\System32\\Drivers\\DriverData"
declare -ir EUID="197108"
declare -x EXEPATH="C:\\Program Files\\Git"
declare -x FP_NO_HOST_CHECK="NO"
declare -a FUNCNAME
declare -- GIT_EXEC_PATH="C:\\Program Files\\Git\\mingw32/libexec/git-core"
declare -a GROUPS=()
declare -i HISTCMD
declare -- HISTFILE="/c/Users/Administrator/.bash_history"
declare -- HISTFILESIZE="500"
declare -- HISTSIZE="500"
declare -x HOME="/c/Users/Administrator"
declare -x HOMEDRIVE="C:"
declare -x HOMEPATH="\\Users\\Administrator"
declare -x HOSTNAME="TXXC520ZA99FVXM"
declare -- HOSTTYPE="i686"
declare -- IFS="
"
declare -x INFOPATH="/usr/local/info:/usr/share/info:/usr/info:/share/info"
declare -x LANG="en_US.UTF-8"
declare -i LINENO
declare -- LINES="24"
declare -x LOCALAPPDATA="C:\\Users\\Administrator\\AppData\\Local"
declare -x LOGONSERVER="\\\\TXXC520ZA99FVXM"
declare -- MACHTYPE="i686-pc-msys"
declare -i MAILCHECK="60"
declare -x MANPATH="/mingw32/share/man:/usr/local/man:/usr/share/man:/usr/man:/share/man"
declare -x MINGW_CHOST="i686-w64-mingw32"
declare -- MINGW_MOUNT_POINT="/mingw32"
declare -x MINGW_PACKAGE_PREFIX="mingw-w64-i686"
declare -x MINGW_PREFIX="/mingw32"
declare -x MOZ_PLUGIN_PATH="C:\\Program Files\\Foxit Software\\Foxit Reader\\plugins\\"
declare -- MSYS2_PATH="/usr/local/bin:/usr/bin:/bin"
declare -- MSYS2_PS1="\\[\\033]0;\$TITLEPREFIX:\${PWD//[^[:ascii:]]/?}\\007\\]\\n\\[\\033[32m\\]\\u@\\h \\[\\033[35m\\]\$MSYSTEM \\[\\033[33m\\]\\w\\[\\033[36m\\]\`__git_ps1\`\\[\\033[0m\\]\\n\$ "
declare -x MSYSTEM="MINGW32"
declare -x MSYSTEM_CARCH="i686"
declare -x MSYSTEM_CHOST="i686-w64-mingw32"
declare -x MSYSTEM_PREFIX="/mingw32"
declare -x NUMBER_OF_PROCESSORS="2"
declare -x OLDPWD
declare -- OPTERR="1"
declare -i OPTIND="1"
declare -x ORIGINAL_PATH="/mingw32/bin:/usr/bin:/c/Users/Administrator/bin:/c/WINDOWS/system32:/c/WINDOWS:/c/WINDOWS/System32/Wbem:/c/WINDOWS/System32/WindowsPowerShell/v1.0:/c/Program Files/nodejs:/cmd:/c/WINDOWS/System32/OpenSSH:/c/Users/Administrator/AppData/Roaming/npm:/c/Users/Administrator/AppData/Local/Microsoft/WindowsApps:/c/Users/Administrator/AppData/Local/Box/Box Edit"
declare -x ORIGINAL_TEMP="/tmp"
declare -x ORIGINAL_TMP="/tmp"
declare -x OS="Windows_NT"
declare -- OSTYPE="msys"
declare -x OneDrive="C:\\Users\\Administrator\\OneDrive"
declare -x OneDriveConsumer="C:\\Users\\Administrator\\OneDrive"
declare -x PATH="/c/Users/Administrator/bin:/mingw32/bin:/usr/local/bin:/usr/bin:/bin:/mingw32/bin:/usr/bin:/c/Users/Administrator/bin:/c/WINDOWS/system32:/c/WINDOWS:/c/WINDOWS/System32/Wbem:/c/WINDOWS/System32/WindowsPowerShell/v1.0:/c/Program Files/nodejs:/cmd:/c/WINDOWS/System32/OpenSSH:/c/Users/Administrator/AppData/Roaming/npm:/c/Users/Administrator/AppData/Local/Microsoft/WindowsApps:/c/Users/Administrator/AppData/Local/Box/Box Edit:/usr/bin/vendor_perl:/usr/bin/core_perl"
declare -x PATHEXT=".COM;.EXE;.BAT;.CMD;.VBS;.VBE;.JS;.JSE;.WSF;.WSH;.MSC"
declare -a PIPESTATUS=([0]="0")
declare -x PKG_CONFIG_PATH="/mingw32/lib/pkgconfig:/mingw32/share/pkgconfig"
declare -x PLINK_PROTOCOL="ssh"
declare -ir PPID="7360"
declare -x PROCESSOR_ARCHITECTURE="x86"
declare -x PROCESSOR_IDENTIFIER="x86 Family 6 Model 42 Stepping 7, GenuineIntel"
declare -x PROCESSOR_LEVEL="6"
declare -x PROCESSOR_REVISION="2a07"
declare -x PROGRAMFILES="C:\\Program Files"
declare -x PS1="\\[\\033]0;\$TITLEPREFIX:\${PWD//[^[:ascii:]]/?}\\007\\]\\n\\[\\033[32m\\]\\u@\\h \\[\\033[35m\\]\$MSYSTEM \\[\\033[33m\\]\\w\\[\\033[36m\\]\`__git_ps1\`\\[\\033[0m\\]\\n\$ "
declare -- PS2="> "
declare -- PS4="+ "
declare -x PSModulePath="C:\\WINDOWS\\system32\\WindowsPowerShell\\v1.0\\Modules\\"
declare -x PUBLIC="C:\\Users\\Public"
declare -x PWD="/c/Users/Administrator"
declare -x ProgramData="C:\\ProgramData"
declare -i RANDOM
declare -- SECONDS
declare -x SESSIONNAME="Console"
declare -x SHELL="/usr/bin/bash"
declare -r SHELLOPTS="braceexpand:emacs:hashall:histexpand:history:interactive-comments:monitor"
declare -x SHLVL="1"
declare -x SSH_ASKPASS="/mingw32/libexec/git-core/git-gui--askpass"
declare -- SYSCONFDIR="/etc"
declare -x SYSTEMDRIVE="C:"
declare -x SYSTEMROOT="C:\\WINDOWS"
declare -x TEMP="/tmp"
declare -x TERM="xterm"
declare -- TITLEPREFIX="MINGW32"
declare -x TMP="/tmp"
declare -x TMPDIR="/tmp"
declare -ir UID="197108"
declare -x USER
declare -x USERDOMAIN="TXXC520ZA99FVXM"
declare -x USERDOMAIN_ROAMINGPROFILE="TXXC520ZA99FVXM"
declare -x USERNAME="Administrator"
declare -x USERPROFILE="C:\\Users\\Administrator"
declare -x WINDIR="C:\\WINDOWS"
declare -- _="MAYBE_FIRST_START"
declare -- __git_all_commands=""
declare -- __git_diff_algorithms="myers minimal patience histogram"
declare -- __git_diff_common_options="--stat --numstat --shortstat --summary
                        --patch-with-stat --name-only --name-status --color
                        --no-color --color-words --no-renames --check
                        --full-index --binary --abbrev --diff-filter=
                        --find-copies-harder
                        --text --ignore-space-at-eol --ignore-space-change
                        --ignore-all-space --ignore-blank-lines --exit-code
                        --quiet --ext-diff --no-ext-diff
                        --no-prefix --src-prefix= --dst-prefix=
                        --inter-hunk-context=
                        --patience --histogram --minimal
                        --raw --word-diff --word-diff-regex=
                        --dirstat --dirstat= --dirstat-by-file
                        --dirstat-by-file= --cumulative
                        --diff-algorithm=
                        --submodule --submodule=
"
declare -- __git_diff_submodule_formats="diff log short"
declare -- __git_fetch_options="
        --quiet --verbose --append --upload-pack --force --keep --depth=
        --tags --no-tags --all --prune --dry-run --recurse-submodules=
        --unshallow --update-shallow
"
declare -- __git_fetch_recurse_submodules="yes on-demand no"
declare -- __git_format_patch_options="
        --stdout --attach --no-attach --thread --thread= --no-thread
        --numbered --start-number --numbered-files --keep-subject --signoff
        --signature --no-signature --in-reply-to= --cc= --full-index --binary
        --not --all --cover-letter --no-prefix --src-prefix= --dst-prefix=
        --inline --suffix= --ignore-if-in-upstream --subject-prefix=
        --output-directory --reroll-count --to= --quiet --notes
"
declare -- __git_log_common_options="
        --not --all
        --branches --tags --remotes
        --first-parent --merges --no-merges
        --max-count=
        --max-age= --since= --after=
        --min-age= --until= --before=
        --min-parents= --max-parents=
        --no-min-parents --no-max-parents
"
declare -- __git_log_date_formats="relative iso8601 rfc2822 short local default raw"
declare -- __git_log_gitk_options="
        --dense --sparse --full-history
        --simplify-merges --simplify-by-decoration
        --left-right --notes --no-notes
"
declare -- __git_log_pretty_formats="oneline short medium full fuller email raw format:"
declare -- __git_log_shortlog_options="
        --author= --committer= --grep=
        --all-match --invert-grep
"
declare -- __git_merge_options="
        --no-commit --no-stat --log --no-log --squash --strategy
        --commit --stat --no-squash --ff --no-ff --ff-only --edit --no-edit
        --verify-signatures --no-verify-signatures --gpg-sign
        --quiet --verbose --progress --no-progress
"
declare -- __git_merge_strategies=""
declare -- __git_mergetools_common="diffuse diffmerge ecmerge emerge kdiff3 meld opendiff
                        tkdiff vimdiff gvimdiff xxdiff araxis p4merge bc codecompare
"
declare -- __git_porcelain_commands=""
declare -- __git_printf_supports_v="yes"
declare -- __git_push_recurse_submodules="check on-demand only"
declare -- __git_send_email_confirm_options="always never auto cc compose"
declare -- __git_send_email_suppresscc_options="author self cc bodycc sob cccmd body all"
declare -- __git_untracked_file_modes="all no normal"
declare -- __git_whitespacelist="nowarn warn error error-all fix"
declare -x asl.log
declare -- name="python2.7"
declare -- postinst="/etc/post-install/*.post"
declare -x temp
declare -x tmp
declare -x windows_tracing_flags="3"
declare -x windows_tracing_logfile="C:\\BVTBin\\Tests\\installpackage\\csilogfile.log"

Administrator@TXXC520ZA99FVXM MINGW32 ~ (master|BISECTING)
$

-coproc NAME

Administrator@TXXC520ZA99FVXM MINGW32 ~ (master|BISECTING)
$ coproc NAME
[1] 5048
/usr/bin/bash: line 1: NAME: command not found
[1]+  Exit 127                coproc COPROC NAME

Administrator@TXXC520ZA99FVXM MINGW32 ~ (master|BISECTING)
$ coproc redirections
[1] 5272
/usr/bin/bash: line 2: redirections: command not found
[1]+  Exit 127                coproc COPROC redirections

Administrator@TXXC520ZA99FVXM MINGW32 ~ (master|BISECTING)
$ coproc command
[1] 3008
[1]+  Done                    coproc COPROC command

Administrator@TXXC520ZA99FVXM MINGW32 ~ (master|BISECTING)
$

-coproc NAME command redirections

Administrator@TXXC520ZA99FVXM MINGW32 ~ (master|BISECTING)
$ coproc NAME command redirections
[1] 1236
/usr/bin/bash: line 1: NAME: command not found
[1]+  Exit 127                coproc COPROC NAME command redirections

Administrator@TXXC520ZA99FVXM MINGW32 ~ (master|BISECTING)
$

-continue n

Administrator@TXXC520ZA99FVXM MINGW32 ~ (master|BISECTING)
$ continue n
bash: continue: only meaningful in a `for', `while', or `until' loop

Administrator@TXXC520ZA99FVXM MINGW32 ~ (master|BISECTING)
$ for n=1
> n
bash: syntax error near unexpected token `n'

-compopt -DE

Administrator@TXXC520ZA99FVXM MINGW32 ~ (master|BISECTING)
$ compopt -DE
bash: compopt: _DefaultCmD_: no completion specification

Administrator@TXXC520ZA99FVXM MINGW32 ~ (master|BISECTING)
$

-complete name

Administrator@TXXC520ZA99FVXM MINGW32 ~ (master|BISECTING)
$ complete name "Muhammad Adi Nugroho"

Administrator@TXXC520ZA99FVXM MINGW32 ~ (master|BISECTING)
$ 

-complete -P

Administrator@TXXC520ZA99FVXM MINGW32 ~ (master|BISECTING)
$ complete -P
bash: complete: -P: option requires an argument
complete: usage: complete [-abcdefgjksuv] [-pr] [-DE] [-o option] [-A action] [-G globpat] [-W wordlist]  [-F function] [-C command] [-X filterpat] [-P prefix] [-S suffix] [name ...]

Administrator@TXXC520ZA99FVXM MINGW32 ~ (master|BISECTING)
$ complete -S
bash: complete: -S: option requires an argument
complete: usage: complete [-abcdefgjksuv] [-pr] [-DE] [-o option] [-A action] [-G globpat] [-W wordlist]  [-F function] [-C command] [-X filterpat] [-P prefix] [-S suffix] [name ...]

Administrator@TXXC520ZA99FVXM MINGW32 ~ (master|BISECTING)
$ complete -name "Muhammad Adi Nugroho"
bash: complete: -n: invalid option
complete: usage: complete [-abcdefgjksuv] [-pr] [-DE] [-o option] [-A action] [-G globpat] [-W wordlist]  [-F function] [-C command] [-X filterpat] [-P prefix] [-S suffix] [name ...]

Administrator@TXXC520ZA99FVXM MINGW32 ~ (master|BISECTING)
$

-complete -X

Administrator@TXXC520ZA99FVXM MINGW32 ~ (master|BISECTING)
$ complete -X
bash: complete: -X: option requires an argument
complete: usage: complete [-abcdefgjksuv] [-pr] [-DE] [-o option] [-A action] [-G globpat] [-W wordlist]  [-F function] [-C command] [-X filterpat] [-P prefix] [-S suffix] [name ...]

Administrator@TXXC520ZA99FVXM MINGW32 ~ (master|BISECTING)
$

-complete -C

Administrator@TXXC520ZA99FVXM MINGW32 ~ (master|BISECTING)
$ complete -C
bash: complete: -C: option requires an argument
complete: usage: complete [-abcdefgjksuv] [-pr] [-DE] [-o option] [-A action] [-G globpat] [-W wordlist]  [-F function] [-C command] [-X filterpat] [-P prefix] [-S suffix] [name ...]

Administrator@TXXC520ZA99FVXM MINGW32 ~ (master|BISECTING)
$

-complete -G

Administrator@TXXC520ZA99FVXM MINGW32 ~ (master|BISECTING)
$ complete -G
bash: complete: -G: option requires an argument
complete: usage: complete [-abcdefgjksuv] [-pr] [-DE] [-o option] [-A action] [-G globpat] [-W wordlist]  [-F function] [-C command] [-X filterpat] [-P prefix] [-S suffix] [name ...]

Administrator@TXXC520ZA99FVXM MINGW32 ~ (master|BISECTING)
$ complete -W
bash: complete: -W: option requires an argument
complete: usage: complete [-abcdefgjksuv] [-pr] [-DE] [-o option] [-A action] [-G globpat] [-W wordlist]  [-F function] [-C command] [-X filterpat] [-P prefix] [-S suffix] [name ...]

Administrator@TXXC520ZA99FVXM MINGW32 ~ (master|BISECTING)
$ complete -F
bash: complete: -F: option requires an argument
complete: usage: complete [-abcdefgjksuv] [-pr] [-DE] [-o option] [-A action] [-G globpat] [-W wordlist]  [-F function] [-C command] [-X filterpat] [-P prefix] [-S suffix] [name ...]

-complete -DE

Administrator@TXXC520ZA99FVXM MINGW32 ~ (master|BISECTING)
$ complete -DE

Administrator@TXXC520ZA99FVXM MINGW32 ~ (master|BISECTING)
$

-complete -pr

Administrator@TXXC520ZA99FVXM MINGW32 ~ (master|BISECTING)
$ complete -pr
complete -o bashdefault -o default -o nospace -F __git_wrap__gitk_main gitk
complete -o bashdefault -o default -o nospace -F __git_wrap__git_main git

Administrator@TXXC520ZA99FVXM MINGW32 ~ (master|BISECTING)
$

-complete -abcdefgjksuv

Administrator@TXXC520ZA99FVXM MINGW32 ~ (master|BISECTING)
$ complete -abcdefgjksuv
complete: usage: complete [-abcdefgjksuv] [-pr] [-DE] [-o option] [-A action] [-G globpat] [-W wordlist]  [-F function] [-C command] [-X filterpat] [-P prefix] [-S suffix] [name ...]

Administrator@TXXC520ZA99FVXM MINGW32 ~ (master|BISECTING)
$

-compgen word

Administrator@TXXC520ZA99FVXM MINGW32 ~ (master|BISECTING)
$ compgen word

Administrator@TXXC520ZA99FVXM MINGW32 ~ (master|BISECTING)
$


-----
-Mulai dari sini, tulisan ter-akhir mulai dari saf 1. Ini untuk menghemat scroll kebawah.
-----

-git add ntuser.dat.LOG1

Administrator@TXXC520ZA99FVXM MINGW32 ~ (master|BISECTING)
$ git add ntuser.dat.LOG1
error: open("ntuser.dat.LOG1"): Permission denied
error: unable to index file ntuser.dat.LOG1
fatal: adding files failed

Administrator@TXXC520ZA99FVXM MINGW32 ~ (master|BISECTING)
$

Administrator@TXXC520ZA99FVXM MINGW32 ~ (master|BISECTING)
$ git add ntuser.dat.LOG2
error: open("ntuser.dat.LOG2"): Permission denied
error: unable to index file ntuser.dat.LOG2
fatal: adding files failed

Administrator@TXXC520ZA99FVXM MINGW32 ~ (master|BISECTING)
$

Administrator@TXXC520ZA99FVXM MINGW32 ~ (master|BISECTING)
$ git add ntuser.ini

Administrator@TXXC520ZA99FVXM MINGW32 ~ (master|BISECTING)
$ git add package-lock.json
warning: LF will be replaced by CRLF in package-lock.json.
The file will have its original line endings in your working directory.

Administrator@TXXC520ZA99FVXM MINGW32 ~ (master|BISECTING)
$ git add tmrowapp-contrib/

Administrator@TXXC520ZA99FVXM MINGW32 ~ (master|BISECTING)
$

-ob_spec &

Administrator@TXXC520ZA99FVXM MINGW32 ~ (master|BISECTING)
$ job_spec &
[1] 6892
bash: job_spec: command not found
[1]+  Exit 127                job_spec

Administrator@TXXC520ZA99FVXM MINGW32 ~ (master|BISECTING)
$ job_spec clone&init
[1] 644
bash: job_spec: command not found
bash: init: command not found
[1]+  Exit 127                job_spec clone

Administrator@TXXC520ZA99FVXM MINGW32 ~ (master|BISECTING)
$

-alias -p name=value clone

Administrator@TXXC520ZA99FVXM MINGW32 ~ (master|BISECTING)
$ alias -p name=value clone
alias [name[='value]'
alias ll='ls -l'
alias ls='ls -F --color=auto --show-control-chars'
alias node='winpty node.exe'
bash: alias: clone: not found

Administrator@TXXC520ZA99FVXM MINGW32 ~ (master|BISECTING)
$

-break [n]
Ber-arti for, while, or until loop. Baru kemudian n.

-cd -L|-P -e -@ dir

Administrator@TXXC520ZA99FVXM MINGW32 ~ (master|BISECTING)
$ cd -L|-P -e -@ dir
bash: -P: command not found

Administrator@TXXC520ZA99FVXM MINGW32 ~ (master|BISECTING)
$

Administrator@TXXC520ZA99FVXM MINGW32 ~ (master|BISECTING)
$ cd -L -e -@ dir
bash: cd: -@: invalid option
cd: usage: cd [-L|[-P [-e]] [-@]] [dir]

Administrator@TXXC520ZA99FVXM MINGW32 ~ (master|BISECTING)
$

-command -pVv command C:/Users/Administrator/UsersAdministrator.gitconfig/.git/

Administrator@TXXC520ZA99FVXM MINGW32 ~ (master|BISECTING)
$ command -pVv command C:/Users/Administrator/UsersAdministrator.gitconfig/.git/
command

Administrator@TXXC520ZA99FVXM MINGW32 ~ (master|BISECTING)
$

-compgen -abcdefgjksuv -o option

Administrator@TXXC520ZA99FVXM MINGW32 ~ (master|BISECTING)
$ compgen -abcdefgjksuv -o option
bash: compgen: option: invalid option name

Administrator@TXXC520ZA99FVXM MINGW32 ~ (master|BISECTING)
$ compgen -abcdefgjksuv -o
bash: compgen: -o: option requires an argument
compgen: usage: compgen [-abcdefgjksuv] [-o option] [-A action] [-G globpat] [-W wordlist]  [-F function] [-C command] [-X filterpat] [-P prefix] [-S suffix] [word]

Administrator@TXXC520ZA99FVXM MINGW32 ~ (master|BISECTING)
$

-compgen -abcdefgjksuv

Administrator@TXXC520ZA99FVXM MINGW32 ~ (master|BISECTING)
$ compgen -abcdefgjksuv
ll
ls
node
.
:
[
alias
bg
bind
break
builtin
caller
cd
command
compgen
complete
compopt
continue
declare
dirs
disown
echo
enable
eval
exec
exit
export
false
fc
fg
getopts
hash
help
history
jobs
kill
let
local
logout
mapfile
popd
printf
pushd
pwd
read
readarray
readonly
return
set
shift
shopt
source
suspend
test
times
trap
true
type
typeset
ulimit
umask
unalias
unset
wait
ACLOCAL_PATH
ALLUSERSPROFILE
APPDATA
COMMONPROGRAMFILES
COMPUTERNAME
COMSPEC
CONFIG_SITE
DISPLAY
DriverData
EXEPATH
FP_NO_HOST_CHECK
HOME
HOMEDRIVE
HOMEPATH
HOSTNAME
INFOPATH
LANG
LOCALAPPDATA
LOGONSERVER
MANPATH
MINGW_CHOST
MINGW_PACKAGE_PREFIX
MINGW_PREFIX
MOZ_PLUGIN_PATH
MSYSTEM
MSYSTEM_CARCH
MSYSTEM_CHOST
MSYSTEM_PREFIX
NUMBER_OF_PROCESSORS
ORIGINAL_PATH
ORIGINAL_TEMP
ORIGINAL_TMP
OS
OneDrive
OneDriveConsumer
PATH
PATHEXT
PKG_CONFIG_PATH
PLINK_PROTOCOL
PROCESSOR_ARCHITECTURE
PROCESSOR_IDENTIFIER
PROCESSOR_LEVEL
PROCESSOR_REVISION
PROGRAMFILES
PS1
PSModulePath
PUBLIC
PWD
ProgramData
SESSIONNAME
SHELL
SHLVL
SSH_ASKPASS
SYSTEMDRIVE
SYSTEMROOT
TEMP
TERM
TMP
TMPDIR
USERDOMAIN
USERDOMAIN_ROAMINGPROFILE
USERNAME
USERPROFILE
WINDIR
windows_tracing_flags
windows_tracing_logfile
if
then
else
elif
fi
case
esac
for
select
while
until
do
done
in
function
time
{
}
!
[[
]]
coproc
ACLOCAL_PATH
ALLUSERSPROFILE
APPDATA
BASH
BASHOPTS
BASHPID
BASH_ALIASES
BASH_ARGC
BASH_ARGV
BASH_CMDS
BASH_COMMAND
BASH_LINENO
BASH_SOURCE
BASH_SUBSHELL
BASH_VERSINFO
BASH_VERSION
COLUMNS
COMMONPROGRAMFILES
COMPLETION_PATH
COMPUTERNAME
COMP_WORDBREAKS
COMSPEC
CONFIG_SITE
DIRSTACK
DISPLAY
DriverData
EUID
EXEPATH
FP_NO_HOST_CHECK
GIT_EXEC_PATH
GROUPS
HISTCMD
HISTFILE
HISTFILESIZE
HISTSIZE
HOME
HOMEDRIVE
HOMEPATH
HOSTNAME
HOSTTYPE
IFS
INFOPATH
LANG
LINENO
LINES
LOCALAPPDATA
LOGONSERVER
MACHTYPE
MAILCHECK
MANPATH
MINGW_CHOST
MINGW_MOUNT_POINT
MINGW_PACKAGE_PREFIX
MINGW_PREFIX
MOZ_PLUGIN_PATH
MSYS2_PATH
MSYS2_PS1
MSYSTEM
MSYSTEM_CARCH
MSYSTEM_CHOST
MSYSTEM_PREFIX
NUMBER_OF_PROCESSORS
OPTERR
OPTIND
ORIGINAL_PATH
ORIGINAL_TEMP
ORIGINAL_TMP
OS
OSTYPE
OneDrive
OneDriveConsumer
PATH
PATHEXT
PIPESTATUS
PKG_CONFIG_PATH
PLINK_PROTOCOL
PPID
PROCESSOR_ARCHITECTURE
PROCESSOR_IDENTIFIER
PROCESSOR_LEVEL
PROCESSOR_REVISION
PROGRAMFILES
PS1
PS2
PS4
PSModulePath
PUBLIC
PWD
ProgramData
RANDOM
SECONDS
SESSIONNAME
SHELL
SHELLOPTS
SHLVL
SSH_ASKPASS
SYSCONFDIR
SYSTEMDRIVE
SYSTEMROOT
TEMP
TERM
TITLEPREFIX
TMP
TMPDIR
UID
USERDOMAIN
USERDOMAIN_ROAMINGPROFILE
USERNAME
USERPROFILE
WINDIR
_
__git_all_commands
__git_diff_algorithms
__git_diff_common_options
__git_diff_submodule_formats
__git_fetch_options
__git_fetch_recurse_submodules
__git_format_patch_options
__git_log_common_options
__git_log_date_formats
__git_log_gitk_options
__git_log_pretty_formats
__git_log_shortlog_options
__git_merge_options
__git_merge_strategies
__git_mergetools_common
__git_porcelain_commands
__git_printf_supports_v
__git_push_recurse_submodules
__git_send_email_confirm_options
__git_send_email_suppresscc_options
__git_untracked_file_modes
__git_whitespacelist
name
postinst
windows_tracing_flags
windows_tracing_logfile
!
.
:
[
[.exe
[.exe
[.exe
[[
]]
__git
__git_aliased_command
__git_aliases
__git_commands
__git_complete
__git_complete_fetch_refspecs
__git_complete_file
__git_complete_force_with_lease
__git_complete_index_file
__git_complete_refs
__git_complete_remote_or_refspec
__git_complete_revlist
__git_complete_revlist_file
__git_complete_strategy
__git_complete_symbol
__git_compute_all_commands
__git_compute_merge_strategies
__git_compute_porcelain_commands
__git_config_get_set_variables
__git_count_arguments
__git_eread
__git_find_on_cmdline
__git_find_repo_path
__git_func_wrap
__git_get_config_variables
__git_get_option_value
__git_has_doubledash
__git_heads
__git_index_files
__git_is_configured_remote
__git_list_all_commands
__git_list_merge_strategies
__git_list_porcelain_commands
__git_ls_files_helper
__git_main
__git_match_ctag
__git_pretty_aliases
__git_ps1
__git_ps1_colorize_gitstring
__git_ps1_show_upstream
__git_reassemble_comp_words_by_ref
__git_refs
__git_refs_remotes
__git_refs2
__git_remotes
__git_tags
__git_wrap__git_main
__git_wrap__gitk_main
__gitcomp
__gitcomp_direct
__gitcomp_file
__gitcomp_nl
__gitcomp_nl_append
__gitcompadd
__gitcompappend
__gitdir
__gitk_main
_get_comp_words_by_ref
_git
_git_add
_git_am
_git_apply
_git_archive
_git_bisect
_git_branch
_git_bundle
_git_checkout
_git_cherry
_git_cherry_pick
_git_clean
_git_clone
_git_commit
_git_config
_git_describe
_git_diff
_git_difftool
_git_fetch
_git_format_patch
_git_fsck
_git_gc
_git_gitk
_git_grep
_git_help
_git_init
_git_log
_git_ls_files
_git_ls_remote
_git_ls_tree
_git_merge
_git_merge_base
_git_mergetool
_git_mv
_git_name_rev
_git_notes
_git_pull
_git_push
_git_rebase
_git_reflog
_git_remote
_git_replace
_git_rerere
_git_reset
_git_revert
_git_rm
_git_send_email
_git_shortlog
_git_show
_git_show_branch
_git_stage
_git_stash
_git_status
_git_submodule
_git_svn
_git_tag
_git_whatchanged
_git_worktree
_gitk
{
}
aadauthhelper.dll
aadcloudap.dll
aadjcsp.dll
aadtb.dll
aadWamExtension.dll
AboutSettingsHandlers.dll
AboveLockAppHost.dll
accessibilitycpl.dll
accountaccessor.dll
AccountsRt.dll
AcGenral.dll
AcLayers.dll
acledit.dll
aclui.dll
acmigration.dll
ACPBackgroundManagerPolicy.dll
acppage.dll
acproxy.dll
AcSpecfc.dll
ActionCenter.dll
ActionCenterCPL.dll
ActionQueue.dll
ActivationClient.dll
ActivationManager.dll
activeds.dll
activeds.tlb
ActiveSyncCsp.dll
ActiveSyncProvider.dll
actxprxy.dll
AcWinRT.dll
AcXtrnal.dll
adamssip.dll
AdaptiveCards.dll
AddressParser.dll
adhapi.dll
adhsvc.dll
AdmTmpl.dll
admwprox.dll
adprop.dll
adprovider.dll
adrclient.dll
adsiedit.dll
adsldp.dll
adsldpc.dll
adsmsext.dll
adsnt.dll
adtschema.dll
AdvancedEmojiDS.dll
advapi32.dll
advapi32res.dll
advpack.dll
aeevts.dll
aeinv.dll
aepic.dll
AERTACap.dll
AERTARen.dll
AgentService.exe
ahadmin.dll
aitstatic.exe
AJRouter.dll
alg.exe
alias
altspace.dll
amcompat.tlb
amsi.dll
amsiproxy.dll
amstream.dll
AnalogCommonProxyStub.dll
ANSI.SYS
antiword.exe
antiword.exe
apds.dll
APHostClient.dll
APHostRes.dll
APHostService.dll
ApiSetHost.AppExecutionAlias.dll
apisetschema.dll
appbackgroundtask.dll
AppContracts.dll
append.exe
AppExtension.dll
apphelp.dll
Apphlpdm.dll
AppHostRegistrationVerifier.exe
appidapi.dll
appidcertstorecheck.exe
appidpolicyconverter.exe
AppIdPolicyEngineApi.dll
appidsvc.dll
appidtel.exe
appinfo.dll
appinfoext.dll
ApplicationFrame.dll
ApplicationFrameHost.exe
AppLockerCSP.dll
ApplySettingsTemplateCatalog.exe
ApplyTrustOffline.exe
AppManagementConfiguration.dll
appmgmts.dll
appmgr.dll
AppMon.dll
AppointmentActivation.dll
AppointmentApis.dll
appraiser.dll
AppReadiness.dll
apprepapi.dll
AppResolver.dll
ApproveChildRequest.exe
appsruprov.dll
AppVCatalog.dll
AppVClient.exe
AppvClientEventLog.dll
AppVClientPS.dll
AppVDllSurrogate.exe
AppVEntStreamingManager.dll
AppVEntSubsystemController.dll
AppVEntSubsystems32.dll
AppVEntVirtualization.dll
appvetwclientres.dll
appvetwsharedperformance.dll
appvetwstreamingux.dll
AppVFileSystemMetadata.dll
AppVIntegration.dll
AppVManifest.dll
AppVNice.exe
AppVOrchestration.dll
AppVPolicy.dll
AppVPublishing.dll
AppVReporting.dll
AppVScripting.dll
AppVSentinel.dll
AppVShNotify.exe
AppVStreamingUX.dll
AppVStreamMap.dll
AppVTerminator.dll
appwiz.cpl
AppxAllUserStore.dll
AppXApplicabilityBlob.dll
AppxApplicabilityEngine.dll
AppXDeploymentClient.dll
AppXDeploymentExtensions.desktop.dll
AppXDeploymentExtensions.onecore.dll
AppXDeploymentServer.dll
AppxPackaging.dll
AppxSip.dll
AppxStreamingDataSourcePS.dll
AppxSysprep.dll
arch.exe
arch.exe
arch.exe
archiveint.dll
ARP.EXE
asferror.dll
aspnet_counters.dll
aspperf.dll
AssignedAccessCsp.dll
AssignedAccessManager.dll
assignedaccessmanagersvc.dll
AssignedAccessShellProxy.dll
astextplain
astextplain
astextplain
asycfilt.dll
at.exe
AtBroker.exe
atl.dll
atl100.dll
atl110.dll
atlthunk.dll
atmfd.dll
atmlib.dll
attrib.exe
audiodev.dll
audiodg.exe
AudioEndpointBuilder.dll
AudioEng.dll
AudioHandlers.dll
AUDIOKSE.dll
audioresourceregistrar.dll
AudioSes.dll
audiosrv.dll
AudioSrvPolicyManager.dll
auditcse.dll
AuditNativeSnapIn.dll
auditpol.exe
auditpolcore.dll
AuditPolicyGPInterop.dll
auditpolmsg.dll
AuthBroker.dll
AuthBrokerUI.dll
AuthExt.dll
authfwcfg.dll
AuthFWGP.dll
AuthFWSnapin.dll
AuthFWWizFwk.dll
AuthHost.exe
AuthHostProxy.dll
authui.dll
authz.dll
autochk.exe
autoconv.exe
autofmt.exe
autopilot.dll
autoplay.dll
autopoint
autopoint
autopoint
avicap.dll
avicap32.dll
avifil32.dll
avifile.dll
avrt.dll
awk.exe
awk.exe
awk.exe
AxInstSv.dll
AxInstUI.exe
azroles.dll
azroleui.dll
AzSqlExt.dll
AzureSettingSyncProvider.dll
b2sum.exe
b2sum.exe
b2sum.exe
baaupdate.exe
BackgroundMediaPolicy.dll
backgroundTaskHost.exe
BackgroundTransferHost.exe
backup
backup
backup
BamSettingsClient.dll
BarcodeProvisioningPlugin.dll
base32.exe
base32.exe
base32.exe
base64.exe
base64.exe
base64.exe
basecsp.dll
basename.exe
basename.exe
basename.exe
basesrv.dll
bash.exe
bash.exe
bash.exe
bashbug
bashbug
bashbug
batmeter.dll
bcastdvr.proxy.dll
BcastDVRBroker.dll
BcastDVRClient.dll
BcastDVRCommon.dll
bcastdvruserservice.dll
bcd.dll
bcdboot.exe
bcdedit.exe
bcdprov.dll
bcdsrv.dll
BCP47Langs.dll
BCP47mrm.dll
bcrypt.dll
bcryptprimitives.dll
bdaplgin.ax
bdechangepin.exe
BdeHdCfg.exe
BdeHdCfgLib.dll
bderepair.dll
bdesvc.dll
BdeSysprep.dll
bdeui.dll
BdeUISrv.exe
bdeunlock.exe
BFE.DLL
bfsvc.exe
bg
bi.dll
bidispl.dll
bind
BingASDS.dll
BingFilterDS.dll
BingMaps.dll
BingOnlineServices.dll
binhex.pl
BioCredProv.dll
bios1.rom
bios4.rom
bisrv.dll
BitLockerCsp.dll
BitLockerDeviceEncryption.exe
BitLockerWizard.exe
BitLockerWizardElev.exe
bitsadmin.exe
bitsigd.dll
bitsperf.dll
BitsProxy.dll
biwinrt.dll
blb_ps.dll
BlbEvents.dll
blbres.dll
BluetoothApis.dll
BluetoothDesktopHandlers.dll
bnmanager.dll
bootcfg.exe
bootim.exe
BootMenuUX.dll
bootsect.exe
bootstr.dll
bootux.dll
BOOTVID.DLL
Box Device Trust.exe
Box Edit.exe
Box.Edit.Abstractions.dll
Box.Edit.Api.dll
Box.Edit.Api.V2.dll
Box.Edit.Environment.dll
Box.Edit.Services.dll
Box.Edit.UpgradeService.dll
Box.FileSharing.dll
Box.FileSharing.Providers.V2.dll
Box.Ipc.Pipes.dll
Box.LocalComServer.Abstractions.dll
Box.LocalComServer.Environment.dll
Box.Metrics.Reporter.dll
Box.Metrics.Wrappers.CSharp.dll
Box.Notifications.dll
Box.Notifications.Growl.dll
Box.Utilities.dll
Box.WindowsEvents.dll
break
bridgeres.dll
bridgeunattend.exe
BrokerLib.dll
browcli.dll
browser.dll
browser_broker.exe
browserbroker.dll
browserexport.exe
BrowserSettingSync.dll
browseui.dll
BTAGService.dll
BTAudioGatewayClient.dll
BthAvctpSvc.dll
BthAvrcp.dll
BthAvrcpAppSvc.dll
bthci.dll
BthMtpContextHandler.dll
bthpanapi.dll
BthpanContextHandler.dll
bthprops.cpl
BthRadioMedia.dll
bthserv.dll
BthTelemetry.dll
bthudtask.exe
btpanui.dll
Bubbles.scr
builtin
bunzip2.exe
bunzip2.exe
bunzip2.exe
bunzip2.exe
bunzip2.exe
BWContextHandler.dll
ByteCodeGenerator.exe
bzcat.exe
bzcat.exe
bzcat.exe
bzcat.exe
bzcat.exe
bzcmp
bzcmp
bzcmp
bzcmp
bzcmp
bzdiff
bzdiff
bzdiff
bzdiff
bzdiff
bzegrep
bzegrep
bzegrep
bzegrep
bzegrep
bzfgrep
bzfgrep
bzfgrep
bzfgrep
bzfgrep
bzgrep
bzgrep
bzgrep
bzgrep
bzgrep
bzip2.exe
bzip2.exe
bzip2.exe
bzip2.exe
bzip2.exe
bzip2recover.exe
bzip2recover.exe
bzip2recover.exe
bzip2recover.exe
bzip2recover.exe
bzless
bzless
bzless
bzless
bzless
bzmore
bzmore
bzmore
bzmore
bzmore
C_G18030.DLL
c_GSM7.DLL
C_IS2022.DLL
C_ISCII.DLL
c_rehash
c_rehash
c_rehash
c2ph
cabapi.dll
cabinet.dll
cabview.dll
cacls.exe
cake
calc.exe
CallButtons.dll
CallButtons.ProxyStub.dll
caller
CallHistoryClient.dll
CameraCaptureUI.dll
CameraSettingsUIHost.exe
canonurl.dll
CapabilityAccessHandlers.dll
CapabilityAccessManager.dll
CapabilityAccessManagerClient.dll
capauthz.dll
capiprovider.dll
capisp.dll
captoinfo.exe
captoinfo.exe
captoinfo.exe
CaptureService.dll
case
CastingShellExt.dll
CastLaunch.dll
CastSrv.exe
cat.exe
cat.exe
cat.exe
catsrv.dll
catsrvps.dll
catsrvut.dll
cca.dll
cd
cdd.dll
cdosys.dll
cdp.dll
cdprt.dll
cdpsvc.dll
cdpusersvc.dll
CellularAPI.dll
cellulardatacapabilityhandler.dll
cemapi.dll
cero.rs
certca.dll
certcli.dll
certCredProvider.dll
certenc.dll
CertEnroll.dll
CertEnrollCtrl.exe
CertEnrollUI.dll
certmgr.dll
CertPKICmdlet.dll
CertPolEng.dll
certprop.dll
certreq.exe
certtool.exe
certtool.exe
certutil.exe
cewmdm.dll
cfgbkend.dll
cfgmgr32.dll
CfgSPCellular.dll
CfgSPPolicy.dll
cflapi.dll
cfmifs.dll
cfmifsproxy.dll
Chakra.dll
Chakradiag.dll
Chakrathunk.dll
change.exe
changepk.exe
charmap.exe
chartv.dll
ChatApis.dll
chcon.exe
chcon.exe
chcon.exe
chcp.com
CheckNetIsolation.exe
chglogon.exe
chgport.exe
chgrp.exe
chgrp.exe
chgrp.exe
chgusr.exe
chkdsk.exe
chkntfs.exe
chkwudrv.dll
chmod.exe
chmod.exe
chmod.exe
choice.exe
chown.exe
chown.exe
chown.exe
chroot.exe
chroot.exe
chroot.exe
ChsStrokeDS.dll
ChtBopomofoDS.dll
ChtCangjieDS.dll
ChtHkStrokeDS.dll
ChtQuickDS.dll
ChxAPDS.dll
ChxDecoder.dll
ChxHAPDS.dll
chxinputrouter.dll
chxranker.dll
CHxReadingStringIME.dll
ci.dll
cic.dll
CIDiag.exe
cimwin32.dll
cipher.exe
CIRCoInst.dll
CIWmi.dll
cksum.exe
cksum.exe
cksum.exe
clb.dll
clbcatq.dll
cldapi.dll
cleanmgr.exe
CleanPCCSP.dll
clear.exe
clear.exe
clear.exe
clfsw32.dll
cliconfg.dll
cliconfg.exe
cliconfg.rll
clip.exe
ClipboardServer.dll
Clipc.dll
ClipRenew.exe
ClipSVC.dll
ClipUp.exe
cloudAP.dll
CloudBackupSettings.dll
CloudDomainJoinAUG.dll
CloudDomainJoinDataModelServer.dll
CloudExperienceHost.dll
CloudExperienceHostBroker.dll
CloudExperienceHostBroker.exe
CloudExperienceHostCommon.dll
CloudExperienceHostUser.dll
CloudNotifications.exe
CloudStorageWizard.exe
clrhost.dll
clusapi.dll
cmcfg32.dll
cmd.exe
cmdext.dll
cmdial32.dll
cmdkey.exe
cmdl32.exe
cmgrcspps.dll
cmifw.dll
cmintegrator.dll
cmlua.dll
cmmon32.exe
cmp.exe
cmp.exe
cmp.exe
cmpbk32.dll
cmstp.exe
cmstplua.dll
cmutil.dll
cngcredui.dll
cngkeyhelper.dll
cngprovider.dll
CNMLMC1.DLL
cnvfat.dll
cob-au.rs
coffee
cofire.exe
cofiredm.dll
colbact.dll
coloradapterclient.dll
COLORCNV.DLL
colorcpl.exe
colorui.dll
column.exe
column.exe
column.exe
combase.dll
comcat.dll
comctl32.dll
comdlg32.dll
coml2.dll
COMM.drv
comm.exe
comm.exe
comm.exe
command
COMMAND.COM
COMMDLG.DLL
comp.exe
compact.exe
CompatTelRunner.exe
compgen
complete
CompMgmtLauncher.exe
compobj.dll
compopt
ComposableShellProxyStub.dll
ComposerFramework.dll
CompPkgSup.dll
compstui.dll
ComputerDefaults.exe
comrepl.dll
comres.dll
comsnap.dll
comsvcs.dll
comuid.dll
concrt140.dll
configmanager2.dll
ConfigureExpandedStorage.dll
conhost.exe
ConhostV1.dll
connect.dll
connect.exe
connect.exe
ConnectedAccountState.dll
consent.exe
ConsentUX.dll
console.dll
ConsoleLogon.dll
ConstraintIndex.Search.dll
ContactActivation.dll
ContactApis.dll
ContactHarvesterDS.dll
container.dll
ContentDeliveryManager.Utilities.dll
continue
control.exe
convert.exe
coproc
coreaudiopolicymanagerext.dll
coredpus.dll
coredpussvr.exe
corelist
CoreMessaging.dll
CoreMmRes.dll
CoreShell.dll
CoreShellAPI.dll
CoreShellExtFramework.dll
CoreUIComponents.dll
correngine.dll
Cortana.Persona.dll
CortanaMapiHelper.dll
CortanaMapiHelper.ProxyStub.dll
country.sys
CourtesyEngine.dll
cp.exe
cp.exe
cp.exe
cpan
CPFilters.dll
create-shortcut.exe
create-shortcut.exe
CredDialogBroker.dll
CredentialMigrationHandler.dll
CredentialUIBroker.exe
CredProv2faHelper.dll
CredProvDataModel.dll
CredProvHelper.dll
credprovhost.dll
credprovs.dll
credprovslegacy.dll
credssp.dll
credui.dll
credwiz.exe
crtdll.dll
crypt32.dll
cryptbase.dll
cryptcatsvc.dll
cryptdlg.dll
cryptdll.dll
cryptext.dll
cryptnet.dll
cryptngc.dll
CryptoWinRT.dll
cryptsp.dll
cryptsvc.dll
crypttpmeksvc.dll
cryptui.dll
cryptuiwizard.dll
cryptxml.dll
cscapi.dll
cscdll.dll
CscMig.dll
cscobj.dll
cscript.exe
cscsvc.dll
cscui.dll
CspCellularSettings.dll
csplit.exe
csplit.exe
csplit.exe
csplte.dll
CspProxy.dll
csrr.rs
csrsrv.dll
csrss.exe
csrstub.exe
csvde.exe
CSystemEventsBrokerClient.dll
ctfmon.exe
ctl3d32.dll
ctl3dv2.dll
cttune.exe
cttunesvr.exe
curl.exe
curl.exe
curl.exe
cut.exe
cut.exe
cut.exe
CXHProvisioningServer.dll
cygcheck.exe
cygcheck.exe
cygcheck.exe
cygpath.exe
cygpath.exe
cygpath.exe
cygwin-console-helper.exe
cygwin-console-helper.exe
cygwin-console-helper.exe
d2d1.dll
d2u.exe
d2u.exe
d2u.exe
d3d10.dll
d3d10_1.dll
d3d10_1core.dll
d3d10core.dll
d3d10level9.dll
d3d10warp.dll
d3d11.dll
D3D12.dll
d3d8.dll
d3d8thk.dll
d3d9.dll
d3d9on12.dll
D3DCompiler_33.dll
D3DCompiler_34.dll
D3DCompiler_35.dll
D3DCompiler_36.dll
D3DCompiler_37.dll
D3DCompiler_38.dll
D3DCompiler_39.dll
D3DCompiler_40.dll
D3DCompiler_41.dll
D3DCompiler_42.dll
D3DCompiler_43.dll
D3DCompiler_47.dll
d3dcsx_42.dll
d3dcsx_43.dll
d3dim.dll
d3dim700.dll
d3dramp.dll
D3DSCache.dll
d3dx10.dll
d3dx10_33.dll
d3dx10_34.dll
d3dx10_35.dll
d3dx10_36.dll
d3dx10_37.dll
d3dx10_38.dll
d3dx10_39.dll
d3dx10_40.dll
d3dx10_41.dll
d3dx10_42.dll
d3dx10_43.dll
d3dx11_42.dll
d3dx11_43.dll
d3dx9_24.dll
d3dx9_25.dll
d3dx9_26.dll
d3dx9_27.dll
d3dx9_28.dll
d3dx9_29.dll
d3dx9_30.dll
d3dx9_31.dll
d3dx9_32.dll
d3dx9_33.dll
d3dx9_34.dll
d3dx9_35.dll
d3dx9_36.dll
D3DX9_37.dll
D3DX9_38.dll
D3DX9_39.dll
D3DX9_40.dll
D3DX9_41.dll
D3DX9_42.dll
D3DX9_43.dll
d3dxof.dll
dab.dll
dabapi.dll
DAConn.dll
dafAspInfraProvider.dll
dafBth.dll
DafDnsSd.dll
dafDockingProvider.dll
DafGip.dll
DAFIoT.dll
DAFIPP.dll
dafpos.dll
DafPrintProvider.dll
dafupnp.dll
dafWCN.dll
dafWfdProvider.dll
DAFWiProv.dll
DAFWSD.dll
DAMediaManager.dll
DAMM.dll
DaOtpCredentialProvider.dll
das.dll
dash.exe
dash.exe
dash.exe
dasHost.exe
dataclen.dll
DataExchange.dll
DataExchangeHost.exe
datamarketsvc.dll
DataStoreCacheDumpTool.exe
DataUsageHandlers.dll
DataUsageLiveTileTask.exe
date.exe
date.exe
date.exe
datusage.dll
davclnt.dll
davhlpr.dll
DavSyncProvider.dll
daxexec.dll
dbgcore.dll
dbgeng.dll
dbghelp.dll
DbgModel.dll
dbnetlib.dll
dbnmpntw.dll
dccw.exe
dcdiag.exe
dciman32.dll
dcntel.dll
dcomcnfg.exe
dcomp.dll
dd.exe
dd.exe
dd.exe
DDACLSys.dll
DdcAntiTheftApi.dll
DdcComImplementationsDesktop.dll
DDDS.dll
DDEML.DLL
ddisplay.dll
ddodiag.exe
DDOIProxy.dll
DDORes.dll
ddp_ps.dll
ddpchunk.dll
ddptrace.dll
ddputils.dll
ddraw.dll
ddrawex.dll
debinhex.pl
debug.exe
declare
DefaultDeviceManager.dll
DefaultPrinterProvider.dll
Defrag.exe
defragproxy.dll
defragres.dll
defragsvc.dll
delegatorprovider.dll
desk.cpl
deskadp.dll
deskmon.dll
desktopimgdownldr.exe
DesktopShellAppStateContract.dll
DesktopShellExt.dll
DesktopSwitcherDataModel.dll
DevDispItemProvider.dll
DeveloperOptionsSettingsHandlers.dll
devenum.dll
deviceaccess.dll
deviceassociation.dll
DeviceCensus.exe
DeviceCenter.dll
DeviceCredential.dll
DeviceCredentialDeployment.exe
DeviceDirectoryClient.dll
DeviceDisplayStatusManager.dll
DeviceDriverRetrievalClient.dll
DeviceEject.exe
DeviceElementSource.dll
DeviceEnroller.exe
DeviceFlows.DataModel.dll
DeviceMetadataRetrievalClient.dll
devicengccredprov.dll
DevicePairing.dll
DevicePairingExperienceMEM.dll
DevicePairingFolder.dll
DevicePairingProxy.dll
DevicePairingWizard.exe
DeviceProperties.exe
DeviceReactivation.dll
deviceregistration.dll
DeviceSetupManager.dll
DeviceSetupManagerAPI.dll
DeviceSetupStatusProvider.dll
DevicesFlowBroker.dll
DeviceSoftwareInstallationClient.dll
DeviceUpdateAgent.dll
DeviceUxRes.dll
devinv.dll
devmgr.dll
devobj.dll
DevPropMgr.dll
DevQueryBroker.dll
devrtl.dll
df.exe
df.exe
df.exe
dfdts.dll
DFDWiz.exe
dfrgui.exe
dfscli.dll
dfshim.dll
DfsShlEx.dll
dggpext.dll
dhcpcmonitor.dll
dhcpcore.dll
dhcpcore6.dll
dhcpcsvc.dll
dhcpcsvc6.dll
dhcpsapi.dll
DiagCpl.dll
DiagnosticInvoker.dll
DiagnosticLogCSP.dll
diagperf.dll
DiagSvc.dll
diagtrack.dll
dialclient.dll
dialer.exe
dialserver.dll
DictationManager.dll
diff.exe
diff.exe
diff.exe
diff3.exe
diff3.exe
diff3.exe
difxapi.dll
dimsjob.dll
dimsroam.dll
dinput.dll
dinput8.dll
dir.exe
dir.exe
dir.exe
dircolors.exe
dircolors.exe
dircolors.exe
Direct2DDesktop.dll
directmanipulation.dll
dirname.exe
dirname.exe
dirname.exe
dirs
discan.dll
diskpart.exe
diskperf.exe
diskraid.exe
DiskSnapshot.exe
Dism.exe
DismApi.dll
disown
DispBroker.dll
dispdiag.exe
dispex.dll
Display.dll
DisplayManager.dll
DisplaySwitch.exe
djctq.rs
djoin.exe
dllhost.exe
dllhst3g.exe
dlnashext.dll
DMAlertListener.ProxyStub.dll
DmApiSetExtImplDesktop.dll
DMAppsRes.dll
dmband.dll
dmcertinst.exe
dmcfghost.exe
dmcfgutils.dll
dmclient.exe
dmcmnutils.dll
dmcommandlineutils.dll
dmcompos.dll
dmcsps.dll
dmdlgs.dll
dmdskmgr.dll
dmdskres.dll
dmdskres2.dll
dmenrollengine.dll
dmenterprisediagnostics.dll
dmime.dll
dmintf.dll
dmiso8601utils.dll
dml.dll
dmloader.dll
DmNotificationBroker.exe
dmocx.dll
dmoleaututils.dll
DmOmaCpMo.exe
dmprocessxmlfiltered.dll
dmpushproxy.dll
DMPushRouterCore.dll
DMRCDecoder.dll
DMRServer.dll
dmscript.dll
dmstyle.dll
dmsynth.dll
dmusic.dll
dmutil.dll
dmvdsitf.dll
dmview.ocx
dmvscres.dll
dmwappushsvc.dll
DMWmiBridgeProv.dll
DMWmiBridgeProv1.dll
dmwmicsp.dll
dmxmlhelputils.dll
dnsapi.dll
dnscacheugc.exe
dnsclientcim.dll
dnsclientpsprovider.dll
dnscmmc.dll
dnsext.dll
dnshc.dll
dnsrslvr.dll
dnssd.dll
dns-sd.exe
dnssdX.dll
do
Docking.VirtualInput.dll
DockInterface.ProxyStub.dll
docprop.dll
DocumentPerformanceEvents.dll
docx2txt
docx2txt
docx2txt
docx2txt.pl
docx2txt.pl
docx2txt.pl
DolbyDecMFT.dll
DolbyHrtfEnc.dll
DolbyMATEnc.dll
domgmt.dll
done
dos2unix.exe
dos2unix.exe
dos2unix.exe
dosettings.dll
doskey.exe
dosvc.dll
dosx.exe
dot3api.dll
dot3cfg.dll
Dot3Conn.dll
dot3dlg.dll
dot3gpclnt.dll
dot3gpui.dll
dot3hc.dll
dot3mm.dll
dot3msm.dll
dot3svc.dll
dot3ui.dll
dpapi.dll
dpapimig.exe
dpapiprovider.dll
dpapisrv.dll
DpiScaling.exe
dplaysvr.exe
dplayx.dll
dpmodemx.dll
dpnaddr.dll
dpnathlp.dll
dpnet.dll
dpnhpast.dll
dpnhupnp.dll
dpnlobby.dll
dpnsvr.exe
dps.dll
dpwsockx.dll
dpx.dll
DragDropExperienceDataExchangeDelegated.dll
driverquery.exe
drprov.dll
drt.dll
drtprov.dll
drttransport.dll
drvcfg.exe
drvinst.exe
drvstore.dll
DRWATSON.EXE
ds16gt.dLL
ds32gt.dll
dsacls.exe
dsadmin.dll
dsamain.exe
dsauth.dll
DscCore.dll
DscCoreConfProv.dll
dsclient.dll
dscproxy.dll
Dscpspluginwkr.dll
DscTimer.dll
dsdbutil.exe
dsdmo.dll
dskquota.dll
dskquoui.dll
dsmgmt.exe
DsmUserTask.exe
dsound.dll
dsparse.dll
dsprop.dll
dsprov.dll
dsquery.dll
dsreg.dll
dsregcmd.exe
dsrole.dll
dsrolesrv.dll
dssec.dll
dssenh.dll
dssvc.dll
dstokenclean.exe
Dsui.dll
dsuiext.dll
dsuiwiz.dll
dswave.dll
dtsh.dll
DTUHandler.exe
DTUHandlerPS.dll
du.exe
du.exe
du.exe
DuCsps.dll
dui70.dll
duser.dll
dusmapi.dll
dusmsvc.dll
dusmtask.exe
dvdplay.exe
dwm.exe
dwmapi.dll
dwmcore.dll
dwmghost.dll
dwminit.dll
dwmredir.dll
DWrite.dll
DWWIN.EXE
dxdiag.exe
dxdiagn.dll
dxgi.dll
dxgiadaptercache.exe
dxgwdi.dll
dxilconv.dll
dxmasf.dll
DXP.dll
dxpps.dll
Dxpserver.exe
DxpTaskSync.dll
dxtmsft.dll
dxtrans.dll
dxva2.dll
dynamoapi.dll
EAMProgressHandler.dll
Eap3Host.exe
eapp3hst.dll
eappcfg.dll
eappcfgui.dll
eappgnui.dll
eapphost.dll
eappprxy.dll
eapprovp.dll
eapsimextdesktop.dll
eapsvc.dll
easconsent.dll
EaseOfAccessDialog.exe
easinvoker.exe
easinvoker.proxystub.dll
EASPolicyManagerBrokerHost.exe
EasPolicyManagerBrokerPS.dll
easwrt.dll
echo
echo.exe
echo.exe
echo.exe
edgeangle.dll
EdgeContent.dll
edgehtml.dll
edgeIso.dll
EdgeManager.dll
edit.com
edit.dll
edit.dll
EDIT.HLP
edit_test.exe
edit_test.exe
edit_test_dll.exe
edit_test_dll.exe
EditBufferTestHook.dll
EditionUpgradeHelper.dll
EditionUpgradeManagerObj.dll
edlin.exe
edpauditapi.dll
EDPCleanup.exe
edpcsp.dll
edpnotify.exe
edptask.dll
edputil.dll
EduPrintProv.exe
eeprov.dll
eeutil.dll
efsadu.dll
efscore.dll
efsext.dll
efslsaext.dll
efssvc.dll
efsui.exe
efsutil.dll
efswrt.dll
ega.cpi
egrep
egrep
egrep
EhStorAPI.dll
EhStorAuthn.exe
EhStorPwdMgr.dll
EhStorShell.dll
elif
els.dll
ELSCore.dll
else
elshyph.dll
elslad.dll
elsTrans.dll
EmailApis.dll
EmbeddedLockdownWmi.dll
embeddedmodesvc.dll
embeddedmodesvcapi.dll
EmojiDS.dll
enable
enc2xs
encapi.dll
EncDump.dll
encguess
energy.dll
energyprov.dll
energytask.dll
enrollmentapi.dll
EnterpriseAPNCsp.dll
EnterpriseAppMgmtClient.dll
EnterpriseAppMgmtSvc.dll
EnterpriseAppVMgmtCSP.dll
enterprisecsps.dll
EnterpriseDesktopAppMgmtCSP.dll
enterpriseetw.dll
EnterpriseModernAppMgmtCSP.dll
enterpriseresourcemanager.dll
env.exe
env.exe
env.exe
envsubst.exe
envsubst.exe
envsubst.exe
envsubst.exe
envsubst.exe
eqossnap.dll
ErrorDetails.dll
ErrorDetailsCore.dll
es.dll
esac
EsdSip.dll
esent.dll
esentprf.dll
esentutl.exe
esevss.dll
eShims.dll
esrb.rs
esscli.dll
EthernetMediaManager.dll
ETWCoreUIComponentsResources.dll
ETWESEProviderResources.dll
EtwRundown.dll
eudcedit.exe
eUICCsCSP.dll
eval
EventAggregation.dll
eventcls.dll
eventcreate.exe
EventTracingManagement.dll
eventvwr.exe
evntagnt.dll
evntcmd.exe
evntwin.exe
evr.dll
ex.exe
ex.exe
ex.exe
exe2bin.exe
exec
ExecModelClient.dll
execmodelproxy.dll
exit
expand.exe
expand.exe
expand.exe
expand.exe
explorer.exe
ExplorerFrame.dll
export
expr.exe
expr.exe
expr.exe
expsrv.dll
ExSMime.dll
extrac32.exe
ExtrasXmlParser.dll
f3ahvoas.dll
facecredentialprovider.dll
FaceProcessor.dll
FaceProcessorCore.dll
FaceTrackerInternal.dll
factor.exe
factor.exe
factor.exe
false
false.exe
false.exe
false.exe
Family.Authentication.dll
Family.Cache.dll
Family.Client.dll
Family.SyncEngine.dll
FamilySafetyExt.dll
fastopen.exe
fastprox.dll
Faultrep.dll
FaxPrinterInstaller.dll
fc
fc.exe
fcon.dll
fdBth.dll
fdBthProxy.dll
FdDevQuery.dll
fde.dll
fdeploy.dll
fdPHost.dll
fdPnp.dll
fdprint.dll
fdProxy.dll
FDResPub.dll
fdSSDP.dll
fdWCN.dll
fdWNet.dll
fdWSD.dll
feclient.dll
ffbroker.dll
fg
fgrep
fgrep
fgrep
fhcat.dll
fhcfg.dll
fhcleanup.dll
fhcpl.dll
fhengine.dll
fhevents.dll
fhlisten.dll
fhmanagew.exe
fhsettingsprovider.dll
fhshl.dll
fhsrchapi.dll
fhsrchph.dll
fhsvc.dll
fhsvcctl.dll
fhtask.dll
fhuxadapter.dll
fhuxapi.dll
fhuxcommon.dll
fhuxgraphics.dll
fhuxpresentation.dll
fi
fidocredprov.dll
file.exe
file.exe
file.exe
FileAppxStreamingDataSource.dll
FileHistory.exe
filemgmt.dll
FilterDS.dll
find.exe
find.exe
find.exe
find.exe
findnetprinters.dll
findssl.sh
findssl.sh
findssl.sh
findstr.exe
finger.exe
fingerprintcredential.dll
Firewall.cpl
FirewallAPI.dll
FirewallControlPanel.dll
fixmapi.exe
FlashPlayerApp.exe
FlashPlayerCPLApp.cpl
FlightSettings.dll
fltLib.dll
fltMC.exe
FluencyDS.dll
FM20.DLL
FM20ENU.DLL
fmapi.dll
FMAPO.dll
fmifs.dll
fms.dll
fmt.exe
fmt.exe
fmt.exe
FntCache.dll
fodhelper.exe
fold.exe
fold.exe
fold.exe
Fondue.exe
fontdrvhost.exe
fontext.dll
FontGlyphAnimator.dll
fontgroupsoverride.dll
FontProvider.dll
fontsub.dll
fontview.exe
for
forfiles.exe
format.com
fpb.rs
fphc.dll
framedyn.dll
framedynos.dll
FrameServer.dll
frprov.dll
fsavailux.exe
FSClient.dll
fsquirt.exe
fsutil.exe
fsutilext.dll
fthsvc.dll
ftp.exe
function
fundisc.dll
funzip.exe
funzip.exe
funzip.exe
fveapi.dll
fveapibase.dll
fvecerts.dll
fvecpl.dll
fvenotify.exe
fveprompt.exe
fveskybackup.dll
fveui.dll
fvewiz.dll
fwbase.dll
fwcfg.dll
fwmdmcsp.dll
fwpolicyiomgr.dll
FWPUCLNT.DLL
FwRemoteSvr.dll
FXSAPI.dll
FXSCOM.dll
FXSCOMEX.dll
FXSCOMPOSE.dll
FXSCOMPOSERES.dll
FXSCOVER.exe
FXSEVENT.dll
FXSEXT32.dll
FXSMON.dll
FXSRESM.dll
FXSROUTE.dll
FXSST.dll
FXSSVC.exe
FXST30.dll
FXSTIFF.dll
FXSUNATD.exe
FXSUTILITY.dll
FXSXP32.dll
g711codc.ax
GameBarPresenceWriter.exe
GameBarPresenceWriter.proxy.dll
GameChatOverlayExt.dll
GameChatTranscription.dll
gamemode.dll
gamemonitor.dll
GamePanel.exe
GamePanelExternalHook.dll
gameux.dll
gamingtcui.dll
gawk.exe
gawk.exe
gawk.exe
gawk-4.1.4.exe
gawk-4.1.4.exe
gawk-4.1.4.exe
gcdef.dll
gdbm_dump.exe
gdbm_dump.exe
gdbm_dump.exe
gdbm_load.exe
gdbm_load.exe
gdbm_load.exe
gdbmtool.exe
gdbmtool.exe
gdbmtool.exe
GDI.EXE
gdi32.dll
gdi32full.dll
GdiPlus.dll
generaltel.dll
GenValObj.exe
Geocommon.dll
Geolocation.dll
getconf.exe
getconf.exe
getconf.exe
getfacl.exe
getfacl.exe
getfacl.exe
getmac.exe
getopt.exe
getopt.exe
getopt.exe
getopts
gettext.exe
gettext.exe
gettext.exe
gettext.exe
gettext.exe
gettext.sh
gettext.sh
gettext.sh
gettext.sh
gettext.sh
gettextize
gettextize
gettextize
gettextize
gettextize
getuname.dll
gfxSrvc.dll
GfxUI.exe
git.exe
git.exe
git.exe
git-cvsserver
git-cvsserver
git-flow
git-flow
git-flow
git-gui.exe
gitk
gitk
gitk.exe
git-lfs.exe
git-lfs.exe
git-receive-pack.exe
git-receive-pack.exe
git-upload-archive.exe
git-upload-archive.exe
git-upload-pack.exe
git-upload-pack.exe
gkill.exe
gkill.exe
gkill.exe
glmf32.dll
GlobCollationHost.dll
globinputhost.dll
glu32.dll
gmsaclient.dll
gnsdk_fp.dll
gpapi.dll
gpedit.dll
gpg.exe
gpg.exe
gpg.exe
gpgsplit.exe
gpgsplit.exe
gpgsplit.exe
gpgv.exe
gpgv.exe
gpgv.exe
gpg-zip
gpg-zip
gpg-zip
gpprefcl.dll
gpprnext.dll
gpresult.exe
gpscript.dll
gpscript.exe
gpsvc.dll
gptext.dll
gpupdate.exe
graftabl.com
GRAPHICS.COM
graphics.pro
GraphicsCapture.dll
GraphicsPerfSvc.dll
grb.rs
grep.exe
grep.exe
grep.exe
Groupinghc.dll
groups.exe
groups.exe
groups.exe
grpconv.exe
gunzip
gunzip
gunzip
gzexe
gzexe
gzexe
gzip.exe
gzip.exe
gzip.exe
h2ph
h2xs
hal.dll
HalExtIntcLpioDMA.dll
HalExtIntcUartDMA.dll
HalExtPL080.dll
halmacpi.dll
hascsp.dll
hash
HashtagDS.dll
hbaapi.dll
hccutils.dll
hcproviders.dll
HdcpHandler.dll
hdwwiz.cpl
hdwwiz.exe
head.exe
head.exe
head.exe
HeadTrackerStorage.dll
HeatCore.dll
help
help.exe
HelpPane.exe
HelpPaneProxy.dll
hgcpl.dll
hgprint.dll
hh.exe
hhctrl.ocx
hhsetup.dll
hid.dll
hidphone.tsp
hidserv.dll
HIMEM.SYS
history
hkcmd.exe
hlink.dll
hmkd.dll
hnetcfg.dll
HNetCfgClient.dll
hnetmon.dll
hostid.exe
hostid.exe
hostid.exe
hostmib.dll
hostname.exe
hostname.exe
hostname.exe
HOSTNAME.EXE
hotplug.dll
HrtfApo.dll
html.iec
httpapi.dll
httpprxc.dll
httpprxm.dll
httpprxp.dll
HttpsDataSource.dll
htui.dll
HvSocket.dll
i686-w64-mingw32-agrep.exe
i686-w64-mingw32-agrep.exe
i686-w64-mingw32-deflatehd.exe
i686-w64-mingw32-deflatehd.exe
i686-w64-mingw32-inflatehd.exe
i686-w64-mingw32-inflatehd.exe
iac25_32.ax
ias.dll
iasacct.dll
iasads.dll
iasdatastore.dll
iashlpr.dll
IasMigPlugin.dll
iasnap.dll
iaspolcy.dll
iasrad.dll
iasrecst.dll
iassam.dll
iassdo.dll
iassvcs.dll
icacls.exe
IccLibDll.dll
iccvid.dll
icfupgd.dll
icm32.dll
icmp.dll
icmui.dll
IconCodecService.dll
iconv.exe
iconv.exe
iconv.exe
IcsEntitlementHost.exe
icsigd.dll
icsunattend.exe
icsvc.dll
icsvcext.dll
icuin.dll
icuuc.dll
id.exe
id.exe
id.exe
IdCtrls.dll
IdListen.dll
idndl.dll
IDStore.dll
ie4uinit.exe
IEAdvpack.dll
ieapfltr.dll
iedkcs32.dll
ieframe.dll
iemigplugin.dll
iepeers.dll
ieproxy.dll
iernonce.dll
iertutil.dll
iesetup.dll
iesysprep.dll
ieui.dll
ieUnatt.exe
iexpress.exe
if
ifmon.dll
ifsutil.dll
ifsutilx.dll
ig4icd32.dll
igawk
igawk
igawk
igd10umd32.dll
igdde32.dll
igdDiag.dll
igdumd32.dll
igfx11cmrt32.dll
igfxcmjit32.dll
igfxcmrt32.dll
igfxCoIn_v4459.dll
igfxcpl.cpl
igfxdev.dll
IGFXDEVLib.dll
igfxdo.dll
igfxexps.dll
igfxext.exe
igfxpers.exe
igfxpph.dll
igfxrara.lrc
igfxrchs.lrc
igfxrcht.lrc
igfxrcsy.lrc
igfxrdan.lrc
igfxrdeu.lrc
igfxrell.lrc
igfxrenu.lrc
igfxresn.lrc
igfxress.dll
igfxrfin.lrc
igfxrfra.lrc
igfxrheb.lrc
igfxrhrv.lrc
igfxrhun.lrc
igfxrita.lrc
igfxrjpn.lrc
igfxrkor.lrc
igfxrnld.lrc
igfxrnor.lrc
igfxrplk.lrc
igfxrptb.lrc
igfxrptg.lrc
igfxrrom.lrc
igfxrrus.lrc
igfxrsky.lrc
igfxrslv.lrc
igfxrsve.lrc
igfxrtha.lrc
igfxrtrk.lrc
igfxsrvc.dll
igfxsrvc.exe
igfxTMM.dll
igfxtray.exe
iglhcp32.dll
iglhsip32.dll
IHDS.dll
ihvrilproxy.dll
iisreset.exe
iisrstap.dll
iisRtl.dll
IKEEXT.DLL
imaadp32.acm
imagehlp.dll
imageres.dll
imagesp1.dll
imapi.dll
imapi2.dll
imapi2fs.dll
imgutil.dll
imm32.dll
immersivetpmvscmgrsvr.exe
ImplatSetup.dll
in
IndexedDbLegacy.dll
inetcomm.dll
inetcpl.cpl
inetmib1.dll
inetpp.dll
inetppui.dll
INETRES.dll
InfDefaultInstall.exe
infocmp.exe
infocmp.exe
infocmp.exe
infotocap.exe
infotocap.exe
infotocap.exe
InkEd.dll
InkObjCore.dll
InprocLogger.dll
input.dll
InputHost.dll
InputInjectionBroker.dll
InputLocaleManager.dll
InputService.dll
InputSwitch.dll
inseng.dll
install.exe
install.exe
install.exe
InstallService.dll
InstallServiceTasks.dll
instmodsh
IntelCpHeciSvc.exe
internetmail.dll
InternetMailCsp.dll
intl.cpl
invagent.dll
iologmsg.dll
Ionic.Zip.dll
IoTAssignedAccessLockFramework.dll
ipconfig.exe
IPELoggingDictationHelper.dll
IPHLPAPI.DLL
iphlpsvc.dll
ipmiprr.dll
ipmiprv.dll
ipnathlp.dll
IpNatHlpClient.dll
IPPMon.dll
iprip.dll
iprop.dll
iprtprio.dll
iprtrmgr.dll
ipsecsnp.dll
IPSECSVC.DLL
ipsmsnap.dll
ipxlatcfg.dll
ir32_32.dll
ir32_32original.dll
ir41_32.ax
ir41_32original.dll
ir41_qc.dll
ir41_qcoriginal.dll
ir41_qcx.dll
ir41_qcxoriginal.dll
ir50_32.dll
ir50_32original.dll
ir50_qc.dll
ir50_qcoriginal.dll
ir50_qcx.dll
ir50_qcxoriginal.dll
irclass.dll
irftp.exe
iri.dll
irmon.dll
irprops.cpl
iscsicli.exe
iscsicpl.dll
iscsicpl.exe
iscsidsc.dll
iscsied.dll
iscsiexe.dll
iscsilog.dll
iscsium.dll
iscsiwmi.dll
iscsiwmiv2.dll
ISM.dll
isoburn.exe
itircl.dll
itss.dll
iuilp.dll
ivfsrc.ax
iyuv_32.dll
JavaScriptCollectionAgent.dll
jdns_sd.dll
jobs
join.exe
join.exe
join.exe
joinproviderol.dll
joinutil.dll
joy.cpl
JpMapControl.dll
jpndecoder.dll
jpninputrouter.dll
jpnranker.dll
JpnServiceDS.dll
jscript.dll
jscript9.dll
jscript9diag.dll
json_pp
jsproxy.dll
KB16.COM
kbd101.dll
kbd101a.dll
kbd101b.dll
kbd101c.dll
kbd103.dll
kbd106.dll
kbd106n.dll
KBDA1.DLL
KBDA2.DLL
KBDA3.DLL
KBDAL.DLL
KBDARME.DLL
kbdarmph.dll
kbdarmty.dll
KBDARMW.DLL
kbdax2.dll
KBDAZE.DLL
KBDAZEL.DLL
KBDAZST.DLL
KBDBASH.DLL
KBDBE.DLL
KBDBENE.DLL
KBDBGPH.DLL
KBDBGPH1.DLL
KBDBHC.DLL
KBDBLR.DLL
KBDBR.DLL
KBDBU.DLL
KBDBUG.DLL
KBDBULG.DLL
KBDCA.DLL
KBDCAN.DLL
KBDCHER.DLL
KBDCHERP.DLL
KBDCR.DLL
KBDCZ.DLL
KBDCZ1.DLL
KBDCZ2.DLL
KBDDA.DLL
KBDDIV1.DLL
KBDDIV2.DLL
KBDDV.DLL
KBDDZO.DLL
KBDES.DLL
KBDEST.DLL
KBDFA.DLL
kbdfar.dll
KBDFC.DLL
KBDFI.DLL
KBDFI1.DLL
KBDFO.DLL
KBDFR.DLL
KBDFTHRK.DLL
KBDGAE.DLL
KBDGEO.DLL
kbdgeoer.dll
kbdgeome.dll
kbdgeooa.dll
kbdgeoqw.dll
KBDGKL.DLL
KBDGN.DLL
KBDGR.DLL
KBDGR1.DLL
KBDGRLND.DLL
KBDGTHC.DLL
KBDHAU.DLL
KBDHAW.DLL
KBDHE.DLL
KBDHE220.DLL
KBDHE319.DLL
KBDHEB.DLL
kbdhebl3.dll
KBDHELA2.DLL
KBDHELA3.DLL
KBDHEPT.DLL
KBDHU.DLL
KBDHU1.DLL
kbdibm02.dll
KBDIBO.DLL
KBDIC.DLL
KBDINASA.DLL
KBDINBE1.DLL
KBDINBE2.DLL
KBDINBEN.DLL
KBDINDEV.DLL
KBDINEN.DLL
KBDINGUJ.DLL
KBDINHIN.DLL
KBDINKAN.DLL
KBDINMAL.DLL
KBDINMAR.DLL
KBDINORI.DLL
KBDINPUN.DLL
KBDINTAM.DLL
KBDINTEL.DLL
KBDINUK2.DLL
KBDIR.DLL
KBDIT.DLL
KBDIT142.DLL
KBDIULAT.DLL
KBDJAV.DLL
KBDJPN.DLL
KBDKAZ.DLL
KBDKHMR.DLL
KBDKNI.DLL
KBDKOR.DLL
KBDKURD.DLL
KBDKYR.DLL
KBDLA.DLL
KBDLAO.DLL
kbdlisub.dll
kbdlisus.dll
kbdlk41a.dll
KBDLT.DLL
KBDLT1.DLL
KBDLT2.DLL
KBDLV.DLL
KBDLV1.DLL
KBDLVST.DLL
KBDMAC.DLL
KBDMACST.DLL
KBDMAORI.DLL
KBDMLT47.DLL
KBDMLT48.DLL
KBDMON.DLL
KBDMONMO.DLL
KBDMONST.DLL
KBDMYAN.DLL
KBDNE.DLL
kbdnec.dll
kbdnec95.dll
kbdnecat.dll
kbdnecnt.dll
KBDNEPR.DLL
kbdnko.dll
KBDNO.DLL
KBDNO1.DLL
KBDNSO.DLL
KBDNTL.DLL
KBDOGHAM.DLL
KBDOLCH.DLL
KBDOLDIT.DLL
KBDOSM.DLL
KBDPASH.DLL
kbdphags.dll
KBDPL.DLL
KBDPL1.DLL
KBDPO.DLL
KBDRO.DLL
KBDROPR.DLL
KBDROST.DLL
KBDRU.DLL
KBDRU1.DLL
KBDRUM.DLL
KBDSF.DLL
KBDSG.DLL
KBDSL.DLL
KBDSL1.DLL
KBDSMSFI.DLL
KBDSMSNO.DLL
KBDSN1.DLL
KBDSORA.DLL
KBDSOREX.DLL
KBDSORS1.DLL
KBDSORST.DLL
KBDSP.DLL
KBDSW.DLL
KBDSW09.DLL
KBDSYR1.DLL
KBDSYR2.DLL
KBDTAILE.DLL
KBDTAJIK.DLL
KBDTAM99.DLL
KBDTAT.DLL
KBDTH0.DLL
KBDTH1.DLL
KBDTH2.DLL
KBDTH3.DLL
KBDTIFI.DLL
KBDTIFI2.DLL
KBDTIPRC.DLL
KBDTIPRD.DLL
KBDTT102.DLL
KBDTUF.DLL
KBDTUQ.DLL
KBDTURME.DLL
KBDTZM.DLL
KBDUGHR.DLL
KBDUGHR1.DLL
KBDUK.DLL
KBDUKX.DLL
KBDUR.DLL
KBDUR1.DLL
KBDURDU.DLL
KBDUS.DLL
KBDUSA.DLL
KBDUSL.DLL
KBDUSR.DLL
KBDUSX.DLL
KBDUZB.DLL
KBDVNTC.DLL
KBDWOL.DLL
KBDYAK.DLL
KBDYBA.DLL
KBDYCC.DLL
KBDYCL.DLL
kd.dll
kd_02_10df.dll
kd_02_10ec.dll
kd_02_14e4.dll
kd_02_1969.dll
kd_02_19a2.dll
kd_02_1af4.dll
kd_02_8086.dll
kd_07_1415.dll
kd_0C_8086.dll
kdcom.dll
kdcpw.dll
kdnet.dll
kdnet_uart16550.dll
KdsCli.dll
kdstub.dll
kdusb.dll
keepaliveprovider.dll
KerbClientShared.dll
kerberos.dll
kernel.appcore.dll
kernel32.dll
KernelBase.dll
KEY01.SYS
keyboard.drv
KEYBOARD.SYS
KeyCredMgr.dll
keyiso.dll
keymgr.dll
KeywordDetectorMsftSidAdapter.dll
kill
kill.exe
kill.exe
kill.exe
klist.exe
kmddsp.tsp
KnobsCore.dll
KnobsCsp.dll
krnl386.exe
KrnlProv.dll
ksetup.exe
ksproxy.ax
kstvtune.ax
ksuser.dll
Kswdmcap.ax
ksxbar.ax
ktmutil.exe
ktmw32.dll
l2gpstore.dll
l2nacp.dll
L2SecHC.dll
l3codeca.acm
l3codecp.acm
label.exe
lagarith.dll
LangCleanupSysprepAction.dll
LanguageComponentsInstaller.dll
LanguageComponentsInstallerComHandler.exe
LanguageOverlayServer.dll
LanguageOverlayUtil.dll
lanman.drv
LAPRXY.DLL
LaunchTM.exe
LaunchWinApp.exe
ldd.exe
ldd.exe
ldd.exe
ldh.exe
ldh.exe
ldh.exe
ldifde.exe
ldp.exe
LegacyNetUX.dll
LegacyNetUXHost.exe
less.exe
less.exe
less.exe
lessecho.exe
lessecho.exe
lessecho.exe
lesskey.exe
lesskey.exe
lesskey.exe
let
lfsvc.dll
libatomic-1.dll
libatomic-1.dll
libbz2-1.dll
libbz2-1.dll
libcares-2.dll
libcares-2.dll
libcharset-1.dll
libcharset-1.dll
libcrypto.dll
libcurl-4.dll
libcurl-4.dll
libeay32.dll
libeay32.dll
libexpat-1.dll
libexpat-1.dll
libffi-6.dll
libffi-6.dll
libgcc_s_dw2-1.dll
libgcc_s_dw2-1.dll
libgmp-10.dll
libgmp-10.dll
libgmpxx-4.dll
libgmpxx-4.dll
libgnutls-30.dll
libgnutls-30.dll
libgomp-1.dll
libgomp-1.dll
libhogweed-4.dll
libhogweed-4.dll
libiconv-2.dll
libiconv-2.dll
libidn-11.dll
libidn-11.dll
libintl-8.dll
libintl-8.dll
libjansson-4.dll
libjansson-4.dll
libmetalink-3.dll
libmetalink-3.dll
libminizip-1.dll
libminizip-1.dll
libnetcfg
libnettle-6.dll
libnettle-6.dll
libnghttp2-14.dll
libnghttp2-14.dll
libp11-kit-0.dll
libp11-kit-0.dll
libpcre-1.dll
libpcre-1.dll
librtmp-1.dll
librtmp-1.dll
libspdylay-7.dll
libspdylay-7.dll
libssh2-1.dll
libssh2-1.dll
libssp-0.dll
libssp-0.dll
libstdc++-6.dll
libstdc++-6.dll
libsystre-0.dll
libsystre-0.dll
libtasn1-6.dll
libtasn1-6.dll
libtre-5.dll
libtre-5.dll
libunistring-2.dll
libunistring-2.dll
libwinpthread-1.dll
libwinpthread-1.dll
LicenseManager.dll
LicenseManagerApi.dll
LicenseManagerShellext.exe
LicenseManagerSvc.dll
LicensingCSP.dll
licensingdiag.exe
LicensingDiagSpp.dll
LicensingUI.exe
LicensingWinRT.dll
licmgr10.dll
link.exe
link.exe
link.exe
linkinfo.dll
ListSvc.dll
ll
lltdapi.dll
lltdres.dll
lltdsvc.dll
lmhsvc.dll
lmmib2.dll
ln.exe
ln.exe
ln.exe
LOADFIX.COM
loadperf.dll
local
LocalComServerIntegration.dll
locale.exe
locale.exe
locale.exe
localsec.dll
localspl.dll
localui.dll
locate.exe
locate.exe
locate.exe
LocationApi.dll
LocationFramework.dll
LocationFrameworkInternalPS.dll
LocationFrameworkPS.dll
LocationNotificationWindows.exe
LocationWinPalMisc.dll
Locator.exe
LockAppBroker.dll
LockAppHost.exe
LockController.dll
LockHostingFramework.dll
LockScreenContent.dll
LockScreenContentHost.dll
LockScreenContentServer.exe
LockScreenData.dll
lodctr.exe
log4net.dll
logagent.exe
loghours.dll
logman.exe
logname.exe
logname.exe
logname.exe
logoff.exe
logoncli.dll
LogonController.dll
LogonUI.exe
logout
lpasvc.dll
lpk.dll
lpkinstall.exe
lpksetup.exe
lpksetupproxyserv.dll
lpremove.exe
ls
ls.exe
ls.exe
ls.exe
lsadb.dll
lsasrv.dll
lsass.exe
LSCSHostPolicy.dll
lsm.dll
lsmproxy.dll
lstelemetry.dll
luainstall.dll
luiapi.dll
lwp-download
lwp-dump
lwp-mirror
lwp-request
lz32.dll
lzexpand.dll
mac2unix.exe
mac2unix.exe
mac2unix.exe
Magnification.dll
Magnify.exe
main.cpl
MaintenanceUI.dll
makecab.exe
manage-bde.exe
MapConfiguration.dll
MapControlCore.dll
MapControlStringsRes.dll
mapfile
MapGeocoder.dll
mapi32.dll
mapistub.dll
MapRouter.dll
MapsBtSvc.dll
MapsBtSvcProxy.dll
MapsCSP.dll
MapsStore.dll
MapsTelemetry.dll
mapstoasttask.dll
mapsupdatetask.dll
mavinject.exe
MbaeApi.dll
MbaeApiPublic.dll
MbaeParserTask.exe
MbaeXmlParser.dll
mblctr.exe
MBMediaManager.dll
MBR2GPT.EXE
mbsmsapi.dll
mbussdapi.dll
mcbuilder.exe
MCCSEngineShared.dll
MCCSPal.dll
mciavi.drv
mciavi32.dll
mcicda.dll
mciqtz32.dll
mciseq.dll
mciseq.drv
mciwave.dll
mciwave.drv
MCRecvSrc.dll
mcupdate_AuthenticAMD.dll
mcupdate_GenuineIntel.dll
md5sum.exe
md5sum.exe
md5sum.exe
MDEServer.exe
MDMAgent.exe
MDMAppInstaller.exe
MDMAppProv.dll
MdmCommon.dll
MdmDiagnostics.dll
MdmDiagnosticsTool.exe
mdminst.dll
mdmlocalmanagement.dll
mdmmigrator.dll
mdmpostprocessevaluator.dll
mdmregistration.dll
MDMSettingsProv.dll
MdRes.exe
MdSched.exe
MediaFoundation.DefaultPerceptionProvider.dll
mem.exe
MemoryDiagnostic.dll
MessagingDataModel2.dll
MessagingService.dll
MetricsCollector.dll
mf.dll
mf3216.dll
mfAACEnc.dll
mfasfsrcsnk.dll
mfaudiocnv.dll
mfc100.dll
mfc100chs.dll
mfc100cht.dll
mfc100deu.dll
mfc100enu.dll
mfc100esn.dll
mfc100fra.dll
mfc100ita.dll
mfc100jpn.dll
mfc100kor.dll
mfc100rus.dll
mfc100u.dll
mfc110.dll
mfc110chs.dll
mfc110cht.dll
mfc110deu.dll
mfc110enu.dll
mfc110esn.dll
mfc110fra.dll
mfc110ita.dll
mfc110jpn.dll
mfc110kor.dll
mfc110rus.dll
mfc110u.dll
mfc120.dll
mfc120chs.dll
mfc120cht.dll
mfc120deu.dll
mfc120enu.dll
mfc120esn.dll
mfc120fra.dll
mfc120ita.dll
mfc120jpn.dll
mfc120kor.dll
mfc120rus.dll
mfc120u.dll
mfc140.dll
mfc140chs.dll
mfc140cht.dll
mfc140deu.dll
mfc140enu.dll
mfc140esn.dll
mfc140fra.dll
mfc140ita.dll
mfc140jpn.dll
mfc140kor.dll
mfc140rus.dll
mfc140u.dll
mfc40.dll
mfc40u.dll
mfc42.dll
mfc42u.dll
MFCaptureEngine.dll
mfcm100.dll
mfcm100u.dll
mfcm110.dll
mfcm110u.dll
mfcm120.dll
mfcm120u.dll
mfcm140.dll
mfcm140u.dll
mfcore.dll
mfcsubs.dll
mfds.dll
mfdvdec.dll
mferror.dll
mfh263enc.dll
mfh264enc.dll
mfksproxy.dll
MFMediaEngine.dll
mfmjpegdec.dll
mfmkvsrcsnk.dll
mfmp4srcsnk.dll
mfmpeg2srcsnk.dll
mfnetcore.dll
mfnetsrc.dll
mfperfhelper.dll
mfplat.dll
MFPlay.dll
mfpmp.exe
mfps.dll
mfreadwrite.dll
mfsensorgroup.dll
mfsrcsnk.dll
mfsvr.dll
mftranscode.dll
mfvdsp.dll
mfvfw.dll
MFWMAAEC.DLL
mgmtapi.dll
mgmtrefreshcredprov.dll
mi.dll
mibincodec.dll
Microsoft.AppV.AppVClientWmi.dll
Microsoft.Bluetooth.Proxy.dll
Microsoft.Bluetooth.Service.dll
Microsoft.Bluetooth.UserService.dll
Microsoft.Management.Infrastructure.Native.Unmanaged.dll
Microsoft.Uev.AgentDriverEvents.dll
Microsoft.Uev.AgentWmi.dll
Microsoft.Uev.AppAgent.dll
Microsoft.Uev.CabUtil.dll
Microsoft.Uev.CmUtil.dll
Microsoft.Uev.Common.dll
Microsoft.Uev.Common.WinRT.dll
Microsoft.Uev.CommonBridge.dll
Microsoft.Uev.ConfigWrapper.dll
Microsoft.Uev.CscUnpinTool.exe
Microsoft.Uev.EventLogMessages.dll
Microsoft.Uev.LocalSyncProvider.dll
Microsoft.Uev.ManagedEventLogging.dll
Microsoft.Uev.Management.dll
Microsoft.Uev.Management.WmiAccess.dll
Microsoft.Uev.ModernAppAgent.dll
Microsoft.Uev.ModernAppCore.dll
Microsoft.Uev.ModernAppData.WinRT.dll
Microsoft.Uev.ModernSync.dll
Microsoft.Uev.MonitorSyncProvider.dll
Microsoft.Uev.Office2010CustomActions.dll
Microsoft.Uev.Office2013CustomActions.dll
Microsoft.Uev.PrinterCustomActions.dll
Microsoft.Uev.SmbSyncProvider.dll
Microsoft.Uev.SyncCommon.dll
Microsoft.Uev.SyncConditions.dll
Microsoft.Uev.SyncController.exe
Microsoft.WindowsAPICodePack.dll
Microsoft.WindowsAPICodePack.Shell.dll
MicrosoftAccountCloudAP.dll
MicrosoftAccountExtension.dll
MicrosoftAccountTokenProvider.dll
MicrosoftAccountWAMExtension.dll
MicrosoftEdge.exe
MicrosoftEdgeSH.exe
Microsoft-Windows-AppModelExecEvents.dll
microsoft-windows-battery-events.dll
microsoft-windows-hal-events.dll
Microsoft-Windows-Internal-Shell-NearShareExperience.dll
microsoft-windows-kernel-pnp-events.dll
microsoft-windows-kernel-power-events.dll
microsoft-windows-kernel-processor-power-events.dll
Microsoft-Windows-MapControls.dll
Microsoft-Windows-MosHost.dll
Microsoft-Windows-MosTrace.dll
microsoft-windows-pdc.dll
Microsoft-WindowsPhone-SEManagementProvider.dll
microsoft-windows-power-cad-events.dll
microsoft-windows-processor-aggregator-events.dll
microsoft-windows-sleepstudy-events.dll
microsoft-windows-storage-tiering-events.dll
microsoft-windows-system-events.dll
midimap.dll
migisol.dll
miguiresource.dll
mimefilt.dll
mimofcodec.dll
minidumper.exe
minidumper.exe
minidumper.exe
mintdh.dll
mintty.exe
mintty.exe
mintty.exe
MiracastInputMgr.dll
MiracastReceiver.dll
MirrorDrvCompat.dll
mispace.dll
MitigationConfiguration.dll
miutils.dll
mkdir.exe
mkdir.exe
mkdir.exe
mkfifo.exe
mkfifo.exe
mkfifo.exe
mkgroup.exe
mkgroup.exe
mkgroup.exe
mknod.exe
mknod.exe
mknod.exe
mkpasswd.exe
mkpasswd.exe
mkpasswd.exe
mktemp.exe
mktemp.exe
mktemp.exe
mlang.dll
mmc.exe
mmcbase.dll
mmci.dll
mmcico.dll
mmcndmgr.dll
mmcshext.dll
MMDevAPI.dll
MMFUtil.dll
mmgaclient.dll
mmgaproxystub.dll
mmgaserver.exe
mmres.dll
mmsys.cpl
MMSYSTEM.DLL
mmtask.tsk
mobilenetworking.dll
mobsync.exe
mode.com
modemui.dll
modernexecserver.dll
mofcomp.exe
mofd.dll
mofinstall.dll
more.com
moricons.dll
mos.dll
moshost.dll
MosHostClient.dll
moshostcore.dll
MosResource.dll
MosStorage.dll
mount.exe
mount.exe
mount.exe
mountvol.exe
mouse.drv
MP3DMOD.DLL
MP43DECD.DLL
MP4SDECD.DLL
Mpeg2Data.ax
mpeval.dll
mpg2splt.ax
MPG4DECD.DLL
mpnotify.exe
mpr.dll
mprapi.dll
mprddm.dll
mprdim.dll
mprext.dll
mprmsg.dll
MpSigStub.exe
MPSSVC.dll
mpunits.dll
mqad.dll
mqbkup.exe
mqcertui.dll
mqcmiplugin.dll
mqlogmgr.dll
mqmigplugin.dll
mqoa.dll
mqoa.tlb
mqoa10.tlb
mqoa20.tlb
mqoa30.tlb
mqqm.dll
mqrt.dll
mqsec.dll
mqsnap.dll
mqsvc.exe
mqutil.dll
MRINFO.EXE
MrmCoreR.dll
MrmDeploy.dll
MrmIndexer.dll
MRT.exe
mrt_map.dll
mrt100.dll
ms3dthumbnailprovider.dll
msaatext.dll
MSAC3ENC.DLL
msacm.dll
msacm32.dll
msacm32.drv
msadp32.acm
msafd.dll
MSAJApi.dll
MSAlacDecoder.dll
MSAlacEncoder.dll
MSAMRNBDecoder.dll
MSAMRNBEncoder.dll
MSAMRNBSink.dll
MSAMRNBSource.dll
MSAProfileNotificationHandler.dll
msasn1.dll
MSAudDecMFT.dll
msaudite.dll
msauserext.dll
mscandui.dll
mscat32.dll
mscdexnt.exe
MSchedExe.exe
msclmd.dll
mscms.dll
msconfig.exe
mscoree.dll
mscorier.dll
mscories.dll
mscpx32r.dLL
mscpxl32.dLL
msctf.dll
msctfime.ime
MsCtfMonitor.dll
msctfp.dll
msctfui.dll
msctfuimanager.dll
msdadiag.dll
msdart.dll
msdatsrc.tlb
msdelta.dll
msdmo.dll
msdrm.dll
msdt.exe
msdtc.exe
msdtckrm.dll
msdtclog.dll
msdtcprx.dll
msdtctm.dll
msdtcuiu.dll
msdtcVSp1res.dll
msdtcwmi.dll
MSDvbNP.ax
msdxm.ocx
msdxm.tlb
msexch40.dll
msexcl40.dll
msfeeds.dll
msfeedsbs.dll
msfeedssync.exe
MSFlacDecoder.dll
MSFlacEncoder.dll
msftedit.dll
MsftOemDllIgneous.dll
msg.exe
msg711.acm
msgattrib.exe
msgattrib.exe
msgattrib.exe
msgcat.exe
msgcat.exe
msgcat.exe
msgcmp.exe
msgcmp.exe
msgcmp.exe
msgcomm.exe
msgcomm.exe
msgcomm.exe
msgconv.exe
msgconv.exe
msgconv.exe
msgen.exe
msgen.exe
msgen.exe
msgexec.exe
msgexec.exe
msgexec.exe
msgfilter.exe
msgfilter.exe
msgfilter.exe
msgfmt.exe
msgfmt.exe
msgfmt.exe
msggrep.exe
msggrep.exe
msggrep.exe
msginit.exe
msginit.exe
msginit.exe
msgmerge.exe
msgmerge.exe
msgmerge.exe
msgsm32.acm
msgunfmt.exe
msgunfmt.exe
msgunfmt.exe
msguniq.exe
msguniq.exe
msguniq.exe
MSHEIF.dll
mshta.exe
mshtml.dll
mshtml.tlb
MshtmlDac.dll
mshtmled.dll
mshtmler.dll
msi.dll
MsiCofire.dll
msidcrl40.dll
msident.dll
msidle.dll
msidntld.dll
msieftp.dll
msiexec.exe
msihnd.dll
msiltcfg.dll
msimg32.dll
msimsg.dll
msimtf.dll
msinfo32.exe
msiprov.dll
msisip.dll
msIso.dll
msiwer.dll
msjet40.dll
msjetoledb40.dll
msjint40.dll
msjter40.dll
msjtes40.dll
mskeyprotcli.dll
mskeyprotect.dll
msls31.dll
msltus40.dll
msmpeg2adec.dll
MSMPEG2ENC.DLL
msmpeg2vdec.dll
MSNP.ax
msobjs.dll
msoert2.dll
MSOpusDecoder.dll
msorc32r.dll
msorcl32.dll
mspaint.exe
mspatcha.dll
mspatchc.dll
mspbde40.dll
MSPhotography.dll
msports.dll
msprivs.dll
msra.exe
msrahc.dll
MsraLegacy.tlb
msrating.dll
msrd2x40.dll
msrd3x40.dll
msrdc.dll
MsRdpWebAccess.dll
msrepl40.dll
msrle32.dll
msscntrs.dll
msscript.ocx
mssecuser.dll
mssign32.dll
mssip32.dll
mssitlb.dll
MsSpellCheckingFacility.dll
MsSpellCheckingHost.exe
mssph.dll
mssprxy.dll
mssrch.dll
mssvp.dll
mstask.dll
mstext40.dll
msTextPrediction.dll
mstsc.exe
mstscax.dll
msutb.dll
msv1_0.dll
msvbvm60.dll
msvcirt.dll
msvcp_win.dll
msvcp100.dll
msvcp110.dll
msvcp110_clr0400.dll
msvcp110_win.dll
msvcp120.dll
msvcp120_clr0400.dll
msvcp140.dll
msvcp140_clr0400.dll
msvcp60.dll
msvcr100.dll
msvcr100_clr0400.dll
msvcr110.dll
msvcr110_clr0400.dll
msvcr120.dll
msvcr120_clr0400.dll
msvcrt.dll
msvcrt20.dll
msvcrt40.dll
msvfw32.dll
msvidc32.dll
MSVidCtl.dll
msvideo.dll
MSVideoDSP.dll
MSVP9DEC.dll
msvproc.dll
MSVPXENC.dll
MSWB7.dll
mswdat10.dll
mswmdm.dll
mswsock.dll
mswstr10.dll
msxbde40.dll
msxml3.dll
msxml3r.dll
msxml4.dll
msxml4r.dll
msxml6.dll
msxml6r.dll
msys-2.0.dll
msys-2.0.dll
msys-2.0.dll
msys-apr-1-0.dll
msys-apr-1-0.dll
msys-apr-1-0.dll
msys-aprutil-1-0.dll
msys-aprutil-1-0.dll
msys-aprutil-1-0.dll
msys-asn1-8.dll
msys-asn1-8.dll
msys-asn1-8.dll
msys-asprintf-0.dll
msys-asprintf-0.dll
msys-asprintf-0.dll
msys-atomic-1.dll
msys-atomic-1.dll
msys-atomic-1.dll
msys-blkid-1.dll
msys-blkid-1.dll
msys-blkid-1.dll
msys-bz2-1.dll
msys-bz2-1.dll
msys-bz2-1.dll
msys-charset-1.dll
msys-charset-1.dll
msys-charset-1.dll
msys-cilkrts-5.dll
msys-cilkrts-5.dll
msys-cilkrts-5.dll
msys-com_err-1.dll
msys-com_err-1.dll
msys-com_err-1.dll
msys-crypt-0.dll
msys-crypt-0.dll
msys-crypt-0.dll
msys-crypto-1.0.0.dll
msys-crypto-1.0.0.dll
msys-crypto-1.0.0.dll
msys-curl-4.dll
msys-curl-4.dll
msys-curl-4.dll
msys-edit-0.dll
msys-edit-0.dll
msys-edit-0.dll
msys-expat-1.dll
msys-expat-1.dll
msys-expat-1.dll
msys-fdisk-1.dll
msys-fdisk-1.dll
msys-fdisk-1.dll
msys-ffi-6.dll
msys-ffi-6.dll
msys-ffi-6.dll
msys-formw6.dll
msys-formw6.dll
msys-formw6.dll
msys-gcc_s-1.dll
msys-gcc_s-1.dll
msys-gcc_s-1.dll
msys-gdbm_compat-4.dll
msys-gdbm_compat-4.dll
msys-gdbm_compat-4.dll
msys-gdbm-4.dll
msys-gdbm-4.dll
msys-gdbm-4.dll
msys-gettextlib-0-19-8-1.dll
msys-gettextlib-0-19-8-1.dll
msys-gettextlib-0-19-8-1.dll
msys-gettextpo-0.dll
msys-gettextpo-0.dll
msys-gettextpo-0.dll
msys-gettextsrc-0-19-8-1.dll
msys-gettextsrc-0-19-8-1.dll
msys-gettextsrc-0-19-8-1.dll
msys-gmp-10.dll
msys-gmp-10.dll
msys-gmp-10.dll
msys-gmpxx-4.dll
msys-gmpxx-4.dll
msys-gmpxx-4.dll
msys-gomp-1.dll
msys-gomp-1.dll
msys-gomp-1.dll
msys-gssapi-3.dll
msys-gssapi-3.dll
msys-gssapi-3.dll
msys-hdb-9.dll
msys-hdb-9.dll
msys-hdb-9.dll
msys-heimbase-1.dll
msys-heimbase-1.dll
msys-heimbase-1.dll
msys-heimntlm-0.dll
msys-heimntlm-0.dll
msys-heimntlm-0.dll
msys-history7.dll
msys-history7.dll
msys-history7.dll
msys-hx509-5.dll
msys-hx509-5.dll
msys-hx509-5.dll
msys-iconv-2.dll
msys-iconv-2.dll
msys-iconv-2.dll
msys-idn-11.dll
msys-idn-11.dll
msys-idn-11.dll
msys-intl-8.dll
msys-intl-8.dll
msys-intl-8.dll
msys-kadm5clnt-7.dll
msys-kadm5clnt-7.dll
msys-kadm5clnt-7.dll
msys-kadm5srv-8.dll
msys-kadm5srv-8.dll
msys-kadm5srv-8.dll
msys-kafs-0.dll
msys-kafs-0.dll
msys-kafs-0.dll
msys-kdc-2.dll
msys-kdc-2.dll
msys-kdc-2.dll
msys-krb5-26.dll
msys-krb5-26.dll
msys-krb5-26.dll
msys-lzma-5.dll
msys-lzma-5.dll
msys-lzma-5.dll
msys-magic-1.dll
msys-magic-1.dll
msys-magic-1.dll
msys-menuw6.dll
msys-menuw6.dll
msys-menuw6.dll
msys-metalink-3.dll
msys-metalink-3.dll
msys-metalink-3.dll
msys-mpfr-4.dll
msys-mpfr-4.dll
msys-mpfr-4.dll
msys-ncurses++w6.dll
msys-ncurses++w6.dll
msys-ncurses++w6.dll
msys-ncursesw6.dll
msys-ncursesw6.dll
msys-ncursesw6.dll
msys-otp-0.dll
msys-otp-0.dll
msys-otp-0.dll
msys-p11-kit-0.dll
msys-p11-kit-0.dll
msys-p11-kit-0.dll
msys-panelw6.dll
msys-panelw6.dll
msys-panelw6.dll
msys-pcre-1.dll
msys-pcre-1.dll
msys-pcre-1.dll
msys-perl5_24.dll
msys-perl5_24.dll
msys-perl5_24.dll
msys-readline7.dll
msys-readline7.dll
msys-readline7.dll
msys-roken-18.dll
msys-roken-18.dll
msys-roken-18.dll
msys-sasl2-3.dll
msys-sasl2-3.dll
msys-sasl2-3.dll
msys-serf-1-0.dll
msys-serf-1-0.dll
msys-serf-1-0.dll
msys-sl-0.dll
msys-sl-0.dll
msys-sl-0.dll
msys-smartcols-1.dll
msys-smartcols-1.dll
msys-smartcols-1.dll
msys-sqlite3-0.dll
msys-sqlite3-0.dll
msys-sqlite3-0.dll
msys-sqlite3amatch-0.dll
msys-sqlite3amatch-0.dll
msys-sqlite3amatch-0.dll
msys-sqlite3carray-0.dll
msys-sqlite3carray-0.dll
msys-sqlite3carray-0.dll
msys-sqlite3closure-0.dll
msys-sqlite3closure-0.dll
msys-sqlite3closure-0.dll
msys-sqlite3compress-0.dll
msys-sqlite3compress-0.dll
msys-sqlite3compress-0.dll
msys-sqlite3csv-0.dll
msys-sqlite3csv-0.dll
msys-sqlite3csv-0.dll
msys-sqlite3eval-0.dll
msys-sqlite3eval-0.dll
msys-sqlite3eval-0.dll
msys-sqlite3fileio-0.dll
msys-sqlite3fileio-0.dll
msys-sqlite3fileio-0.dll
msys-sqlite3fuzzer-0.dll
msys-sqlite3fuzzer-0.dll
msys-sqlite3fuzzer-0.dll
msys-sqlite3icu-0.dll
msys-sqlite3icu-0.dll
msys-sqlite3icu-0.dll
msys-sqlite3ieee754-0.dll
msys-sqlite3ieee754-0.dll
msys-sqlite3ieee754-0.dll
msys-sqlite3memvfs-0.dll
msys-sqlite3memvfs-0.dll
msys-sqlite3memvfs-0.dll
msys-sqlite3nextchar-0.dll
msys-sqlite3nextchar-0.dll
msys-sqlite3nextchar-0.dll
msys-sqlite3percentile-0.dll
msys-sqlite3percentile-0.dll
msys-sqlite3percentile-0.dll
msys-sqlite3rbu-0.dll
msys-sqlite3rbu-0.dll
msys-sqlite3rbu-0.dll
msys-sqlite3regexp-0.dll
msys-sqlite3regexp-0.dll
msys-sqlite3regexp-0.dll
msys-sqlite3remember-0.dll
msys-sqlite3remember-0.dll
msys-sqlite3remember-0.dll
msys-sqlite3rot13-0.dll
msys-sqlite3rot13-0.dll
msys-sqlite3rot13-0.dll
msys-sqlite3series-0.dll
msys-sqlite3series-0.dll
msys-sqlite3series-0.dll
msys-sqlite3sha1-0.dll
msys-sqlite3sha1-0.dll
msys-sqlite3sha1-0.dll
msys-sqlite3showauth-0.dll
msys-sqlite3showauth-0.dll
msys-sqlite3showauth-0.dll
msys-sqlite3spellfix-0.dll
msys-sqlite3spellfix-0.dll
msys-sqlite3spellfix-0.dll
msys-sqlite3totype-0.dll
msys-sqlite3totype-0.dll
msys-sqlite3totype-0.dll
msys-sqlite3vfslog-0.dll
msys-sqlite3vfslog-0.dll
msys-sqlite3vfslog-0.dll
msys-sqlite3vfsstat-0.dll
msys-sqlite3vfsstat-0.dll
msys-sqlite3vfsstat-0.dll
msys-sqlite3vtshim-0.dll
msys-sqlite3vtshim-0.dll
msys-sqlite3vtshim-0.dll
msys-sqlite3wholenumber-0.dll
msys-sqlite3wholenumber-0.dll
msys-sqlite3wholenumber-0.dll
msys-ssh2-1.dll
msys-ssh2-1.dll
msys-ssh2-1.dll
msys-ssl-1.0.0.dll
msys-ssl-1.0.0.dll
msys-ssl-1.0.0.dll
msys-ssp-0.dll
msys-ssp-0.dll
msys-ssp-0.dll
msys-svn_client-1-0.dll
msys-svn_client-1-0.dll
msys-svn_client-1-0.dll
msys-svn_delta-1-0.dll
msys-svn_delta-1-0.dll
msys-svn_delta-1-0.dll
msys-svn_diff-1-0.dll
msys-svn_diff-1-0.dll
msys-svn_diff-1-0.dll
msys-svn_fs_fs-1-0.dll
msys-svn_fs_fs-1-0.dll
msys-svn_fs_fs-1-0.dll
msys-svn_fs_util-1-0.dll
msys-svn_fs_util-1-0.dll
msys-svn_fs_util-1-0.dll
msys-svn_fs_x-1-0.dll
msys-svn_fs_x-1-0.dll
msys-svn_fs_x-1-0.dll
msys-svn_fs-1-0.dll
msys-svn_fs-1-0.dll
msys-svn_fs-1-0.dll
msys-svn_ra_local-1-0.dll
msys-svn_ra_local-1-0.dll
msys-svn_ra_local-1-0.dll
msys-svn_ra_serf-1-0.dll
msys-svn_ra_serf-1-0.dll
msys-svn_ra_serf-1-0.dll
msys-svn_ra_svn-1-0.dll
msys-svn_ra_svn-1-0.dll
msys-svn_ra_svn-1-0.dll
msys-svn_ra-1-0.dll
msys-svn_ra-1-0.dll
msys-svn_ra-1-0.dll
msys-svn_repos-1-0.dll
msys-svn_repos-1-0.dll
msys-svn_repos-1-0.dll
msys-svn_subr-1-0.dll
msys-svn_subr-1-0.dll
msys-svn_subr-1-0.dll
msys-svn_swig_perl-1-0.dll
msys-svn_swig_perl-1-0.dll
msys-svn_swig_perl-1-0.dll
msys-svn_swig_py-1-0.dll
msys-svn_swig_py-1-0.dll
msys-svn_swig_py-1-0.dll
msys-svn_swig_ruby-1-0.dll
msys-svn_swig_ruby-1-0.dll
msys-svn_swig_ruby-1-0.dll
msys-svn_wc-1-0.dll
msys-svn_wc-1-0.dll
msys-svn_wc-1-0.dll
msys-tasn1-6.dll
msys-tasn1-6.dll
msys-tasn1-6.dll
msys-ticw6.dll
msys-ticw6.dll
msys-ticw6.dll
msys-uuid-1.dll
msys-uuid-1.dll
msys-uuid-1.dll
msys-wind-0.dll
msys-wind-0.dll
msys-wind-0.dll
msys-xml2-2.dll
msys-xml2-2.dll
msys-xml2-2.dll
msys-z.dll
msys-z.dll
msys-z.dll
msyuv.dll
MtcModel.dll
MTF.dll
MTFAppServiceDS.dll
MtfDecoder.dll
MTFFuzzyDS.dll
MTFServer.dll
MTFSpellcheckDS.dll
mtstocom.exe
mtxclu.dll
mtxdm.dll
mtxex.dll
mtxlegih.dll
mtxoci.dll
muifontsetup.dll
MUILanguageCleanup.dll
MuiUnattend.exe
MultiDigiMon.exe
musdialoghandlers.dll
MusNotification.exe
MusNotificationUx.exe
MusNotifyIcon.exe
MusUpdateHandlers.dll
mv.exe
mv.exe
mv.exe
mycomput.dll
mydocs.dll
Mystify.scr
NAPCRYPT.DLL
NapiNSP.dll
Narrator.exe
nativemap.dll
NaturalAuth.dll
NaturalAuthClient.dll
NaturalLanguage6.dll
navshutdown.dll
nbtstat.exe
NcaApi.dll
NcaSvc.dll
ncbservice.dll
NcdAutoSetup.dll
NcdProp.dll
nci.dll
ncobjapi.dll
ncpa.cpl
NCProv.dll
ncrypt.dll
ncryptprov.dll
ncryptsslp.dll
ncsi.dll
ncuprov.dll
ndadmin.exe
nddeapi.dll
ndfapi.dll
ndfetw.dll
ndfhcdiscovery.dll
ndishc.dll
ndisimplatcim.dll
ndproxystub.dll
nduprov.dll
negoexts.dll
net.exe
net1.exe
NetAdapterCim.dll
netapi.dll
netapi32.dll
netbios.dll
netbtugc.exe
NetCellcoreCellManagerProviderResources.dll
netcenter.dll
netcfg.exe
NetCfgNotifyObjectHost.exe
netcfgx.dll
netcorehc.dll
netdacim.dll
netdiagfx.dll
NetDriverInstall.dll
netevent.dll
NetEventPacketCapture.dll
NetEvtFwdr.exe
netfxperf.dll
neth.dll
NetHost.exe
netid.dll
netiohlp.dll
netiougc.exe
netjoin.dll
netlogon.dll
netman.dll
netmsg.dll
netnccim.dll
NetPeerDistCim.dll
netplwiz.dll
Netplwiz.exe
netprofm.dll
netprofmsvc.dll
netprovfw.dll
netprovisionsp.dll
NetSetupApi.dll
NetSetupEngine.dll
NetSetupShim.dll
NetSetupSvc.dll
netsh.exe
netshell.dll
NETSTAT.EXE
netswitchteamcim.dll
NetTCPIP.dll
nettrace.dll
netttcim.dll
netutils.dll
NetworkBindingEngineMigPlugin.dll
NetworkCollectionAgent.dll
NetworkDesktopSettings.dll
networkexplorer.dll
networkhelper.dll
networkitemfactory.dll
NetworkMobileSettings.dll
NetworkProxyCsp.dll
NetworkStatus.dll
NetworkUXBroker.dll
netwphelper.dll
newdev.dll
newdev.exe
Newtonsoft.Json.dll
NFCProvisioningPlugin.dll
NfcRadioMedia.dll
ngccredprov.dll
NgcCtnr.dll
NgcCtnrGidsHandler.dll
NgcCtnrSvc.dll
ngckeyenum.dll
ngcksp.dll
ngclocal.dll
ngcpopkeysrv.dll
NgcProCsp.dll
ngcrecovery.dll
ngcsvc.dll
ngctasks.dll
ngettext.exe
ngettext.exe
ngettext.exe
nice.exe
nice.exe
nice.exe
ninput.dll
nl.exe
nl.exe
nl.exe
nlaapi.dll
nlahc.dll
nlasvc.dll
nlhtml.dll
nlmcim.dll
nlmgp.dll
nlmproxy.dll
nlmsprep.dll
nlsbres.dll
NlsData0000.dll
NlsData0009.dll
Nlsdl.dll
nlsfunc.exe
NlsLexicons0009.dll
nltest.exe
NMAA.dll
NmaDirect.dll
node
node.exe
nohup.exe
nohup.exe
nohup.exe
normaliz.dll
notepad
notepad
notepad
notepad.exe
notepad.exe
NotificationController.dll
NotificationControllerPS.dll
notificationplatformcomponent.dll
npm
npmproxy.dll
nproc.exe
nproc.exe
nproc.exe
NPSM.dll
NPSMDesktopProvider.dll
nrpsrv.dll
nshhttp.dll
nshipsec.dll
nshwfp.dll
nsi.dll
nsisvc.dll
nslookup.exe
ntasn1.dll
ntdll.dll
NTDOS.SYS
NTDOS404.SYS
NTDOS411.SYS
NTDOS412.SYS
NTDOS804.SYS
ntdsa.dll
ntdsai.dll
ntdsapi.dll
ntdsatq.dll
ntdsbmsg.dll
ntdsbsrv.dll
ntdsetup.dll
ntdskcc.dll
ntdsmsg.dll
ntevt.dll
NTIO.SYS
NTIO404.SYS
NTIO411.SYS
NTIO412.SYS
NTIO804.SYS
ntlanman.dll
ntlanui2.dll
NtlmShared.dll
ntmarta.dll
ntoskrnl.exe
ntprint.dll
ntprint.exe
ntshrui.dll
ntvdm.exe
ntvdmcpl.dll
ntvdmd.dll
numfmt.exe
numfmt.exe
numfmt.exe
objsel.dll
occache.dll
ocsetapi.dll
od.exe
od.exe
od.exe
odbc16gt.dll
odbc32.dll
odbc32gt.dll
odbcad32.exe
odbcbcp.dll
odbcconf.dll
odbcconf.exe
odbccp32.dll
odbccr32.dll
odbccu32.dll
odbcint.dll
odbcji32.dll
odbcjt32.dll
odbctrac.dll
oddbse32.dll
odexl32.dll
odfox32.dll
odpdx32.dll
odtext32.dll
oemlicense.dll
ofdeploy.exe
offfilt.dll
officecsp.dll
offlinelsa.dll
offlinesam.dll
offreg.dll
oflc-nz.rs
ole2.dll
ole2disp.dll
ole2nls.dll
ole32.dll
oleacc.dll
oleacchooks.dll
oleaccrc.dll
oleaut32.dll
olecli.dll
olecli32.dll
oledlg.dll
oleprn.dll
olepro32.dll
OLESVR.DLL
olesvr32.dll
olethk32.dll
OmaDmAgent.dll
omadmapi.dll
omadmclient.exe
omadmprc.exe
OnDemandBrokerClient.dll
OnDemandConnRouteHelper.dll
OneBackupHandler.dll
OneCoreCommonProxyStub.dll
OneCoreUAPCommonProxyStub.dll
OneDriveSettingSyncProvider.dll
OneDriveSetup.exe
onex.dll
onexui.dll
OobeFldr.dll
OpcServices.dll
openfiles.exe
opengl32.dll
openssl.exe
openssl.exe
openssl.exe
openssl.exe
openssl.exe
OpenWith.exe
OposHost.exe
OptionalFeatures.exe
ortcengine.dll
osbaseln.dll
osk.exe
OskSupport.dll
osuninst.dll
p11-kit.exe
p11-kit.exe
p11-kit.exe
p11-kit.exe
p11-kit.exe
p11tool.exe
p11tool.exe
P2P.dll
P2PGraph.dll
p2pnetsh.dll
p2psvc.dll
PackagedCWALauncher.exe
PackageInspector.exe
packager.dll
PackageStateRoaming.dll
panmap.dll
passwd.exe
passwd.exe
passwd.exe
PasswordOnWakeSettingFlyout.exe
paste.exe
paste.exe
paste.exe
patch.exe
patch.exe
patch.exe
pathchk.exe
pathchk.exe
pathchk.exe
PATHPING.EXE
pautoenr.dll
PayloadRestrictions.dll
PaymentMediatorServiceProxy.dll
pcacli.dll
pcadm.dll
pcaevts.dll
pcalua.exe
pcasvc.dll
pcaui.dll
pcaui.exe
pcbp.rs
PCPKsp.dll
PCShellCommonProxyStub.dll
pcsvDevice.dll
pcwrun.exe
pcwum.dll
pcwutl.dll
pdftotext.exe
pdftotext.exe
pdh.dll
pdhui.dll
PeerDist.dll
PeerDistAD.dll
PeerDistCacheProvider.dll
PeerDistCleaner.dll
PeerDistHttpTrans.dll
PeerDistSh.dll
PeerDistSvc.dll
PeerDistWSDDiscoProv.dll
pegi.rs
pegi-pt.rs
PeopleAPIs.dll
PeopleBand.dll
PerceptionSimulation.ProxyStubs.dll
PerceptionSimulationExtensions.dll
perfctrs.dll
perfdisk.dll
perfmon.exe
perfnet.dll
perfos.dll
perfproc.dll
perftrack.dll
perfts.dll
perl.exe
perl.exe
perl.exe
perl5.24.1.exe
perl5.24.1.exe
perl5.24.1.exe
perlbug
perldoc
perlivp
perlthanks
PersonalizationCSP.dll
PersonaX.dll
phoneactivate.exe
PhoneCallHistoryApis.dll
PhoneDataSync.dll
PhoneOm.dll
PhonePlatformAbstraction.dll
PhoneProviders.dll
PhoneService.dll
PhoneServiceRes.dll
Phoneutil.dll
PhoneutilRes.dll
PhotoMetadataHandler.dll
PhotoScreensaver.scr
photowiz.dll
PickerHost.exe
PickerPlatform.dll
piconv
pid.dll
pidgenx.dll
pifmgr.dll
PimIndexMaintenance.dll
PimIndexMaintenanceClient.dll
Pimstore.dll
PinEnrollmentBroker.exe
PinEnrollmentHelper.dll
PING.EXE
pinky.exe
pinky.exe
pinky.exe
pkcs1-conv.exe
pkcs1-conv.exe
pkeyhelper.dll
PkgMgr.exe
pku2u.dll
pl2pm
pla.dll
plasrv.exe
playlistfolder.dll
PlaySndSrv.dll
PlayToDevice.dll
PlayToManager.dll
playtomenu.dll
PlayToReceiver.dll
PlayToStatusProvider.dll
pldd.exe
pldd.exe
pldd.exe
ploptin.dll
pluginviewer.exe
pluginviewer.exe
pluginviewer.exe
pmcsnap.dll
pmspl.dll
pngfilt.dll
pnidui.dll
pnpclean.dll
pnppolicy.dll
pnpts.dll
pnpui.dll
PnPUnattend.exe
pnputil.exe
PNPXAssoc.dll
PNPXAssocPrx.dll
pnrpauto.dll
Pnrphc.dll
pnrpnsp.dll
pnrpsvc.dll
pod2html
pod2man
pod2text
pod2usage
podchecker
podselect
PolicMan.dll
policymanager.dll
policymanagerprecheck.dll
polstore.dll
popd
poqexec.exe
PortableDeviceApi.dll
PortableDeviceClassExtension.dll
PortableDeviceConnectApi.dll
PortableDeviceStatus.dll
PortableDeviceSyncProvider.dll
PortableDeviceTypes.dll
PortableDeviceWiaCompat.dll
PostureCheck32.dll
POSyncServices.dll
pots.dll
powercfg.cpl
powercfg.exe
powercpl.dll
powershell.exe
powershell_ise.exe
powrprof.dll
ppcsnap.dll
pr.exe
pr.exe
pr.exe
prauthproviders.dll
PresentationCFFRasterizerNative_v0300.dll
PresentationHost.exe
PresentationHostProxy.dll
PresentationNative_v0300.dll
PresentationSettings.exe
prevhost.exe
prflbmsg.dll
print.exe
Print.Workflow.Source.dll
print_flags
PrintBrmUi.exe
printenv.exe
printenv.exe
printenv.exe
printf
printf.exe
printf.exe
printf.exe
printfilterpipelineprxy.dll
printfilterpipelinesvc.exe
PrintIsolationHost.exe
PrintIsolationProxy.dll
PrintManagementProvider.dll
PrintPlatformConfig.dll
PrintRenderAPIHost.DLL
printui.dll
printui.exe
PrintWorkflowProxy.dll
PrintWorkflowService.dll
PrintWSDAHost.dll
prm0009.dll
prncache.dll
prnfldr.dll
prnntfy.dll
prntvpt.dll
ProductEnumerator.dll
profapi.dll
profext.dll
profile_d
profprov.dll
profsvc.dll
profsvcext.dll
ProjectedFSLib.dll
propsys.dll
proquota.exe
provcore.dll
provdatastore.dll
provdiagnostics.dll
prove
provengine.dll
provhandlers.dll
provisioningcommandscsp.dll
provisioningcsp.dll
ProvisioningHandlers.dll
provlaunch.exe
provmigrate.dll
provops.dll
provpackageapidll.dll
provplatformdesktop.dll
ProvPluginEng.dll
provsvc.dll
ProvSysprep.dll
provthrd.dll
provtool.exe
ProximityCommon.dll
ProximityCommonPal.dll
ProximityRtapiPal.dll
ProximityService.dll
ProximityServicePal.dll
ProximityUxHost.exe
prproc.exe
prvdmofcomp.dll
ps.exe
ps.exe
ps.exe
psapi.dll
PSEvents.dll
PSHED.DLL
psisdecd.dll
psisrndr.ax
psktool.exe
psktool.exe
PSModuleDiscoveryProvider.dll
PsmServiceExtHost.dll
psmsrv.dll
pspluginwkr.dll
psr.exe
pstask.dll
pstorec.dll
pstruct
ptar
ptardiff
ptargrep
ptx.exe
ptx.exe
ptx.exe
puiapi.dll
puiobj.dll
pushd
PushToInstall.dll
pwcreator.exe
pwd
pwd.exe
pwd.exe
pwd.exe
pwlauncher.dll
pwlauncher.exe
pwrshmsg.dll
pwrshplugin.dll
pwrshsip.dll
pwsso.dll
qappsrv.exe
qasf.dll
qcap.dll
qdv.dll
qdvd.dll
qedit.dll
qedwipes.dll
qmgr.dll
qoswmi.dll
qprocess.exe
quartz.dll
Query.dll
query.exe
QuickActionsDataModel.dll
quickassist.exe
QuietHours.dll
quser.exe
qwave.dll
qwinsta.exe
RacEngn.dll
racpldlg.dll
RacWmiProv.dll
radardt.dll
radarrs.dll
RADCUI.dll
rasadhlp.dll
rasapi32.dll
rasauto.dll
rasautou.exe
raschap.dll
raschapext.dll
rasctrs.dll
rascustom.dll
rasdiag.dll
rasdial.exe
rasdlg.dll
raserver.exe
rasgcw.dll
rasman.dll
rasmans.dll
rasmbmgr.dll
RasMediaManager.dll
RASMM.dll
rasmontr.dll
rasphone.exe
rasplap.dll
rasppp.dll
rastapi.dll
rastls.dll
rastlsext.dll
rdbui.dll
rdpbase.dll
rdpcfgex.dll
rdpclip.exe
rdpcore.dll
rdpcorets.dll
rdpencom.dll
rdpendp.dll
rdpinit.exe
rdpinput.exe
RdpRelayTransport.dll
RdpSa.exe
RdpSaProxy.exe
RdpSaPs.dll
RdpSaUacHelper.exe
rdpserverbase.dll
rdpshell.exe
rdpsign.exe
rdpudd.dll
rdrleakdiag.exe
RDSAppXHelper.dll
rdsdwmdr.dll
RDSPnf.exe
RDVGHelper.exe
rdvvmtransport.dll
RDXService.dll
RDXTaskFactory.dll
read
readarray
readlink.exe
readlink.exe
readlink.exe
readonly
ReAgent.dll
ReAgentc.exe
ReAgentTask.dll
realpath.exe
realpath.exe
realpath.exe
rebase.exe
rebase.exe
rebase.exe
rebaseall
rebaseall
rebaseall
recdisc.exe
recode-sr-latin.exe
recode-sr-latin.exe
recode-sr-latin.exe
recode-sr-latin.exe
recode-sr-latin.exe
recover.exe
recovery.dll
RecoveryDrive.exe
redir.exe
reg.exe
regapi.dll
RegCtrl.dll
regedit.exe
regedt32.exe
regidle.dll
regini.exe
Register-CimProvider.exe
regsvc.dll
regsvr32.exe
regtool.exe
regtool.exe
regtool.exe
reguwpapi.dll
ReInfo.dll
rekeywiz.exe
relog.exe
RelPost.exe
remoteaudioendpoint.dll
RemoteFileBrowse.dll
remotepg.dll
RemotePosWorker.exe
remotesp.tsp
RemoteWipeCSP.dll
RemovableMediaProvisioningPlugin.dll
RemoveDeviceContextHandler.dll
RemoveDeviceElevated.dll
rendezvousSession.tlb
repadmin.exe
repair-bde.exe
repdrvfs.dll
replace.exe
ReportingCSP.dll
RESAMPLEDMO.DLL
reset.exe
reset.exe
reset.exe
reset.exe
reseteng.dll
ResetEngine.dll
ResetEngine.exe
ResetEngOnline.dll
resmon.exe
ResourcePolicyClient.dll
ResourcePolicyServer.dll
restore
restore
restore
RestSharp.dll
resutils.dll
return
rfxvmt.dll
rgb9rast.dll
Ribbons.scr
riched20.dll
riched32.dll
rilproxy.dll
RjvMDMConfig.dll
rm.exe
rm.exe
rm.exe
RMActivate.exe
RMActivate_isv.exe
RMActivate_ssp.exe
RMActivate_ssp_isv.exe
RMapi.dll
rmclient.dll
RmClient.exe
rmdir.exe
rmdir.exe
rmdir.exe
RMSRoamingSecurity.dll
rmttpmvscmgrsvr.exe
rnr20.dll
RoamingSecurity.dll
Robocopy.exe
rometadata.dll
RotMgr.dll
ROUTE.EXE
RP3DAA32.dll
RP3DHT32.dll
RpcEpMap.dll
rpchttp.dll
RpcNs4.dll
rpcnsh.dll
RpcPing.exe
rpcrt4.dll
RpcRtRemote.dll
rpcss.dll
rrinstaller.exe
rsaenh.dll
RsCRIcon.dll
rshx32.dll
RstrtMgr.dll
rstrui.exe
RTEED32A.dll
RTEEG32A.dll
RTEEL32A.dll
RTEEP32A.dll
rtffilt.dll
RtkAPO.dll
RtkApoApi.dll
RtkCoInst.dll
RtkPgExt.dll
rtm.dll
rtmcodecs.dll
RTMediaFrame.dll
rtmmvrortc.dll
rtmpal.dll
rtmpltfm.dll
RTSndMgr.cpl
rtutils.dll
RTWorkQ.dll
RuleBasedDS.dll
runas.exe
runcon.exe
runcon.exe
runcon.exe
rundll32.exe
runexehelper.exe
RunLegacyCPLElevated.exe
runonce.exe
RuntimeBroker.exe
rview.exe
rview.exe
rview.exe
rvim.exe
rvim.exe
rvim.exe
rwinsta.exe
samcli.dll
samlib.dll
samsrv.dll
sas.dll
sasldblistusers2.exe
sasldblistusers2.exe
sasldblistusers2.exe
saslpasswd2.exe
saslpasswd2.exe
saslpasswd2.exe
sbe.dll
sbeio.dll
sberes.dll
sbservicetrigger.dll
sc.exe
scansetting.dll
SCardBi.dll
SCardDlg.dll
SCardSvr.dll
scavengeui.dll
ScDeviceEnum.dll
scecli.dll
scesrv.dll
schannel.dll
schedcli.dll
schedprov.dll
schedsvc.dll
schmmgmt.dll
schtasks.exe
scksp.dll
scp.exe
scp.exe
scp.exe
scp.exe
scrcons.exe
scripto.dll
ScriptRunner.exe
scrnsave.scr
scrobj.dll
scrptadm.dll
scrrun.dll
sdbinst.exe
sdchange.exe
sdclt.exe
sdcpl.dll
SDDS.dll
sdengin2.dll
sdhcinst.dll
sdiageng.dll
sdiagnhost.exe
sdiagprv.dll
sdiagschd.dll
sdiff.exe
sdiff.exe
sdiff.exe
sdohlp.dll
sdrsvc.dll
sdshext.dll
Search.ProtocolHandler.MAPI2.dll
SearchFilterHost.exe
SearchFolder.dll
SearchIndexer.exe
SearchProtocolHost.exe
SebBackgroundManagerPolicy.dll
SecEdit.exe
sechost.dll
secinit.exe
seclogon.dll
secproc.dll
secproc_isv.dll
secproc_ssp.dll
secproc_ssp_isv.dll
secur32.dll
SecureAssessmentHandlers.dll
SecureTimeAggregator.dll
security.dll
SecurityCenterBroker.dll
SecurityCenterBrokerPS.dll
SecurityHealthAgent.dll
SecurityHealthProxyStub.dll
SecurityHealthService.exe
SecurityHealthSSO.dll
sed.exe
sed.exe
sed.exe
select
SEMgrPS.dll
SEMgrSvc.dll
SEMgrSvcPAL.dll
sendmail.dll
Sens.dll
SensApi.dll
SensorCustomAdbAlgorithm.dll
SensorDataService.exe
SensorPerformanceEvents.dll
SensorsApi.dll
SensorsClassExtension.dll
SensorsCpl.dll
SensorService.dll
SensorsNativeApi.dll
SensorsNativeApi.V2.dll
SensorsUtilsV2.dll
sensrsvc.dll
seq.exe
seq.exe
seq.exe
serialui.dll
ServDeps.dll
services.exe
serwvdrv.dll
SessEnv.dll
sessionmsg.exe
set
setbcdlocale.dll
setfacl.exe
setfacl.exe
setfacl.exe
sethc.exe
setmetamode.exe
setmetamode.exe
setmetamode.exe
SetNetworkLocation.dll
SetNetworkLocationFlyout.dll
SetProxyCredential.dll
setspn.exe
SettingMonitor.dll
SettingsEnvironment.Desktop.dll
SettingsExtensibilityHandlers.dll
SettingsHandlers_AppControl.dll
SettingsHandlers_AppExecutionAlias.dll
SettingsHandlers_BackgroundApps.dll
SettingsHandlers_BatteryUsage.dll
SettingsHandlers_CapabilityAccess.dll
SettingsHandlers_ClosedCaptioning.dll
SettingsHandlers_ContentDeliveryManager.dll
SettingsHandlers_Cortana.dll
SettingsHandlers_Devices.dll
SettingsHandlers_Display.dll
SettingsHandlers_Flights.dll
SettingsHandlers_Fonts.dll
SettingsHandlers_Gaming.dll
SettingsHandlers_Geolocation.dll
SettingsHandlers_Gpu.dll
SettingsHandlers_InputPersonalization.dll
SettingsHandlers_ManagePhone.dll
SettingsHandlers_Maps.dll
SettingsHandlers_Notifications.dll
SettingsHandlers_nt.dll
SettingsHandlers_OneCore_BatterySaver.dll
SettingsHandlers_PCDisplay.dll
SettingsHandlers_Pen.dll
SettingsHandlers_Privacy.dll
SettingsHandlers_QuickActions.dll
SettingsHandlers_SharedExperiences_Rome.dll
SettingsHandlers_SignInOptions.dll
SettingsHandlers_SIUF.dll
SettingsHandlers_SpeechPrivacy.dll
SettingsHandlers_Startup.dll
SettingsHandlers_StorageSense.dll
SettingsHandlers_Troubleshoot.dll
SettingsHandlers_User.dll
SettingsHandlers_UserAccount.dll
SettingsHandlers_WorkAccess.dll
SettingSync.dll
SettingSyncCore.dll
SettingSyncHost.exe
SettingSyncPolicy.dll
setupapi.dll
setupcl.exe
setupcln.dll
setupetw.dll
setupugc.exe
setver.exe
setx.exe
sexp-conv.exe
sexp-conv.exe
sfc.dll
sfc.exe
sfc_os.dll
sftp.exe
sftp.exe
sftp.exe
sftp.exe
sh.exe
sh.exe
sh.exe
sha1sum.exe
sha1sum.exe
sha1sum.exe
sha224sum.exe
sha224sum.exe
sha224sum.exe
sha256sum.exe
sha256sum.exe
sha256sum.exe
sha384sum.exe
sha384sum.exe
sha384sum.exe
sha512sum.exe
sha512sum.exe
sha512sum.exe
shacct.dll
shacctprofile.dll
share.exe
SharedPCCSP.dll
SharedRealitySvc.dll
SharedStartModel.dll
SharedStartModelShim.dll
ShareHost.dll
sharemediacpl.dll
shasum
SHCore.dll
shdocvw.dll
SHELL.DLL
shell32.dll
ShellCommonCommonProxyStub.dll
shellstyle.dll
shfolder.dll
shgina.dll
shift
shimeng.dll
shimgvw.dll
shlwapi.dll
shopt
shpafact.dll
shred.exe
shred.exe
shred.exe
shrpubw.exe
shsetup.dll
shsvcs.dll
shuf.exe
shuf.exe
shuf.exe
shunimpl.dll
shutdown.exe
shutdownext.dll
shutdownux.dll
shwebsvc.dll
signdrv.dll
sigverif.exe
SIHClient.exe
sihost.exe
SimAuth.dll
SimCfg.dll
simpdata.tlb
SimpleInjector.dll
simptcp.dll
slc.dll
slcext.dll
sleep.exe
sleep.exe
sleep.exe
SlideToShutDown.exe
slr100.dll
slui.exe
slwga.dll
SmartCardBackgroundPolicy.dll
SmartcardCredentialProvider.dll
SmartCardSimulator.dll
smartscreen.exe
smartscreenps.dll
SMBHelperClass.dll
smbwmiv2.dll
SmiEngine.dll
smphost.dll
SmsDeviceAccessRevocation.dll
SMSRouter.dll
SmsRouterSvc.dll
smss.exe
SMTPCons.dll
SndVol.exe
SndVolSSO.dll
SnippingTool.exe
snmp.exe
snmpapi.dll
snmpmib.dll
snmpsnap.dll
snmptrap.exe
socialapis.dll
softkbd.dll
softpub.dll
sort.exe
sort.exe
sort.exe
sort.exe
SortServer2003Compat.dll
SortWindows61.dll
SortWindows6Compat.dll
sound.drv
source
SpaceAgent.exe
spacebridge.dll
SpaceControl.dll
spaceman.exe
SpatializerApo.dll
spbcd.dll
Spectrum.exe
SpectrumSyncClient.dll
SpeechPal.dll
spfileq.dll
spinf.dll
splain
split.exe
split.exe
split.exe
splwow64.exe
spmpm.dll
spnet.dll
spoolss.dll
spoolsv.exe
spopk.dll
spp.dll
sppc.dll
sppcext.dll
sppcomapi.dll
sppcommdlg.dll
SppExtComObj.Exe
sppinst.dll
sppnp.dll
sppobjs.dll
sppsvc.exe
sppwinob.dll
sppwmi.dll
spwinsat.dll
spwizeng.dll
spwizimg.dll
spwizres.dll
spwmp.dll
sqlcecompact40.dll
sqlceoledb40.dll
sqlceqp40.dll
sqlcese40.dll
sqlite3_analyzer.sh
sqlite3_analyzer.sh
sqlsrv32.dll
sqlsrv32.rll
sqlunirl.dll
sqlwid.dll
sqlwoa.dll
sqmapi.dll
srchadmin.dll
srclient.dll
srcore.dll
srdelayed.exe
SrEvents.dll
SRH.dll
srhelper.dll
srm.dll
srm_ps.dll
srmclient.dll
srmlib.dll
srmscan.dll
srmshell.dll
srmstormod.dll
srmtrace.dll
srpapi.dll
srptool.exe
srptool.exe
SrpUxNativeSnapIn.dll
srrstr.dll
SrTasks.exe
srumapi.dll
srumsvc.dll
srvcli.dll
srvsvc.dll
srwmi.dll
sscore.dll
sscoreext.dll
ssdm.dll
ssdpapi.dll
ssdpsrv.dll
ssh.exe
ssh.exe
ssh.exe
ssh.exe
ssh-add.exe
ssh-add.exe
ssh-add.exe
ssh-add.exe
ssh-agent.exe
ssh-agent.exe
ssh-agent.exe
ssh-agent.exe
ssh-copy-id
ssh-copy-id
ssh-copy-id
sshd.exe
sshd.exe
sshd.exe
ssh-keygen.exe
ssh-keygen.exe
ssh-keygen.exe
ssh-keygen.exe
ssh-keyscan.exe
ssh-keyscan.exe
ssh-keyscan.exe
ssh-keyscan.exe
ssh-pageant.exe
ssh-pageant.exe
ssh-pageant.exe
ssleay32.dll
ssleay32.dll
ssp.exe
ssp.exe
ssp.exe
sspicli.dll
sspisrv.dll
SSShim.dll
ssText3d.scr
sstpsvc.dll
start
start
start
StartTileData.dll
Startupscan.dll
stat.exe
stat.exe
stat.exe
StateRepository.Core.dll
StaticDictDS.dll
stclient.dll
stdbuf.exe
stdbuf.exe
stdbuf.exe
stdole2.tlb
stdole32.tlb
stdprov.dll
sti.dll
sti_ci.dll
stobject.dll
storage.dll
StorageContextHandler.dll
StorageUsage.dll
storagewmi.dll
storagewmi_passthru.dll
stordiag.exe
storewuauth.dll
Storprop.dll
StorSvc.dll
strace.exe
strace.exe
strace.exe
streamci.dll
StructuredQuery.dll
stty.exe
stty.exe
stty.exe
subst.exe
sud.dll
sum.exe
sum.exe
sum.exe
suspend
svchost.exe
svsvc.dll
SwitcherDataModel.dll
swprv.dll
sxproxy.dll
sxs.dll
sxshared.dll
sxssrv.dll
sxsstore.dll
sxstrace.exe
sync.exe
sync.exe
sync.exe
SyncAppvPublishingServer.exe
SyncCenter.dll
SyncController.dll
SyncHost.exe
SyncHostps.dll
SyncInfrastructure.dll
SyncInfrastructureps.dll
SyncProxy.dll
Syncreg.dll
SyncRes.dll
SyncSettings.dll
syncutil.dll
sysclass.dll
sysdm.cpl
sysedit.exe
SysFxUI.dll
sysmain.dll
sysmon.ocx
sysntfy.dll
SysResetErr.exe
syssetup.dll
system.drv
System.IO.Abstractions.dll
systemcpl.dll
SystemEventsBrokerClient.dll
SystemEventsBrokerServer.dll
systeminfo.exe
SystemPropertiesAdvanced.exe
SystemPropertiesComputerName.exe
SystemPropertiesDataExecutionPrevention.exe
SystemPropertiesHardware.exe
SystemPropertiesPerformance.exe
SystemPropertiesProtection.exe
SystemPropertiesRemote.exe
systemreset.exe
SystemSettings.DataModel.dll
SystemSettings.DeviceEncryptionHandlers.dll
SystemSettings.Handlers.dll
SystemSettings.SettingsExtensibility.dll
SystemSettings.UserAccountsHandlers.dll
SystemSettingsAdminFlows.exe
SystemSettingsBroker.exe
SystemSettingsRemoveDevice.exe
SystemSettingsThresholdAdminFlowUI.dll
SystemSupportInfo.dll
SystemUWPLauncher.exe
systray.exe
t2embed.dll
Tabbtn.dll
TabbtnEx.dll
tabcal.exe
TabletPC.cpl
tabs.exe
tabs.exe
tabs.exe
TabSvc.dll
tac.exe
tac.exe
tac.exe
tail.exe
tail.exe
tail.exe
takeown.exe
tapi.dll
tapi3.dll
tapi32.dll
tapilua.dll
TapiMigPlugin.dll
tapiperf.dll
tapisrv.dll
TapiSysprep.dll
tapiui.dll
TapiUnattend.exe
tar.exe
tar.exe
tar.exe
tar.exe
TaskApis.dll
taskbarcpl.dll
taskcomp.dll
TaskFlowDataEngine.dll
taskhostw.exe
taskkill.exe
tasklist.exe
Taskmgr.exe
taskschd.dll
TaskSchdPS.dll
tbauth.dll
tbs.dll
tcl86.dll
tcl86.dll
tclsh.exe
tclsh.exe
tclsh86.exe
tclsh86.exe
tcmsetup.exe
tcpipcfg.dll
tcpmib.dll
tcpmon.dll
tcpmonui.dll
TCPSVCS.EXE
tdc.ocx
tdh.dll
TDLMigration.dll
tee.exe
tee.exe
tee.exe
telephon.cpl
TelephonyInteractiveUser.dll
TelephonyInteractiveUserRes.dll
telnet.exe
TempSignedLicenseExchangeTask.dll
termmgr.dll
termsrv.dll
test
test.exe
test.exe
test.exe
tetheringclient.dll
tetheringconfigsp.dll
TetheringIeProvider.dll
TetheringMgr.dll
tetheringservice.dll
TetheringStation.dll
TextInputFramework.dll
TFTP.EXE
themecpl.dll
themeservice.dll
themeservice.dll.backup
themeui.dll
themeui.dll.backup
then
threadpoolwinrt.dll
thumbcache.dll
ThumbnailExtractionHost.exe
tic.exe
tic.exe
tic.exe
tier2punctuations.dll
TieringEngineProxy.dll
TieringEngineService.exe
TileDataRepository.dll
time
TimeBrokerClient.dll
TimeBrokerServer.dll
timedate.cpl
TimeDateMUICallback.dll
timeout.exe
timeout.exe
timeout.exe
timeout.exe
TIMER.DRV
times
TimeSyncTask.dll
tk86.dll
tk86.dll
tlscsp.dll
toe.exe
toe.exe
toe.exe
tokenbinding.dll
TokenBroker.dll
TokenBrokerCookies.exe
TokenBrokerUI.dll
TOOLHELP.DLL
touch.exe
touch.exe
touch.exe
TpmCertResources.dll
tpmcompc.dll
TpmCoreProvisioning.dll
TpmInit.exe
TpmTasks.dll
tpmvsc.dll
tpmvscmgr.exe
tpmvscmgrsvr.exe
tput.exe
tput.exe
tput.exe
tquery.dll
tr.exe
tr.exe
tr.exe
tracerpt.exe
TRACERT.EXE
traffic.dll
TransliterationRanker.dll
TransportDSA.dll
trap
tree.com
trie.dll
trkwks.dll
true
true.exe
true.exe
true.exe
truncate.exe
truncate.exe
truncate.exe
trust.exe
trust.exe
trust.exe
trust.exe
trust.exe
TrustedSignalCredProv.dll
tsbyuv.dll
tscfgwmi.dll
tscon.exe
tsdiscon.exe
TSErrRedir.dll
tset.exe
tset.exe
tset.exe
tsgqec.dll
tskill.exe
tsmf.dll
tsort.exe
tsort.exe
tsort.exe
TSpkg.dll
tspubwmi.dll
TSSessionUX.dll
tssrvlic.dll
TSTheme.exe
TsUsbGDCoInstaller.dll
TsUsbRedirectionGroupPolicyExtension.dll
TSWbPrxy.exe
TSWorkspace.dll
TsWpfWrp.exe
TtlsAuth.dll
TtlsCfg.dll
TtlsExt.dll
tty.exe
tty.exe
tty.exe
tvratings.dll
twain.dll
twain_32.dll
twext.dll
twinapi.appcore.dll
twinapi.dll
twinui.appcore.dll
twinui.dll
twinui.pcshell.dll
twunk_16.exe
twunk_32.exe
txflog.dll
txfw32.dll
type
typelib.dll
typeperf.exe
typeset
tzautoupdate.dll
tzres.dll
tzset.exe
tzset.exe
tzset.exe
tzsync.exe
tzsyncres.dll
tzutil.exe
u2d.exe
u2d.exe
u2d.exe
ubpm.dll
ucmhc.dll
ucrtbase.dll
ucrtbase.dll
ucrtbase_clr0400.dll
ucsvc.exe
udhisapi.dll
uDWM.dll
UefiCsp.dll
UevAgentPolicyGenerator.exe
UevAppMonitor.exe
UevTemplateBaselineGenerator.exe
UevTemplateConfigItemGenerator.exe
uexfat.dll
ufat.dll
UiaManager.dll
UIAnimation.dll
UIAutomationCore.dll
uicom.dll
UIManagerBrokerps.dll
UIMgrBroker.exe
uireng.dll
UIRibbon.dll
UIRibbonRes.dll
ulib.dll
ulimit
umask
umb.dll
umdmxfrm.dll
umount.exe
umount.exe
umount.exe
umpnpmgr.dll
umpo.dll
umpoext.dll
umpowmi.dll
umrdp.dll
unalias
uname.exe
uname.exe
uname.exe
unattend.dll
uncompress
uncompress
uncompress
unenrollhook.dll
unexpand.exe
unexpand.exe
unexpand.exe
unimdm.tsp
unimdmat.dll
uniplat.dll
uniq.exe
uniq.exe
uniq.exe
Unistore.dll
unix2dos.exe
unix2dos.exe
unix2dos.exe
unix2mac.exe
unix2mac.exe
unix2mac.exe
unlink.exe
unlink.exe
unlink.exe
unlodctr.exe
unregmp2.exe
unsecapp.exe
unset
untfs.dll
until
unzip.exe
unzip.exe
unzip.exe
unzipsfx.exe
unzipsfx.exe
unzipsfx.exe
UpdateAgent.dll
update-ca-trust
update-ca-trust
update-ca-trust
update-ca-trust
update-ca-trust
updatecsp.dll
updatedb
updatedb
updatedb
updatehandlers.dll
updatepolicy.dll
upfc.exe
UpgradeResultsUI.exe
upnp.dll
upnpcont.exe
upnphost.dll
ureg.dll
url.dll
urlmon.dll
UsbCApi.dll
usbceip.dll
usbmon.dll
usbperf.dll
UsbPmApi.dll
UsbSettingsHandlers.dll
UsbTask.dll
usbui.dll
USER.EXE
user32.dll
UserAccountBroker.exe
UserAccountControlSettings.dll
UserAccountControlSettings.exe
useractivitybroker.dll
usercpl.dll
UserDataAccessRes.dll
UserDataAccountApis.dll
UserDataLanguageUtil.dll
UserDataPlatformHelperUtil.dll
UserDataService.dll
UserDataTimeUtil.dll
UserDataTypeHelperUtil.dll
UserDeviceRegistration.dll
UserDeviceRegistration.Ngc.dll
userenv.dll
userinit.exe
userinitext.dll
UserLanguageProfileCallback.dll
UserLanguagesCpl.dll
usermgr.dll
usermgrcli.dll
UserMgrProxy.dll
users.exe
users.exe
users.exe
usk.rs
usoapi.dll
UsoClient.exe
usocore.dll
usp10.dll
ustprov.dll
utcutil.dll
utildll.dll
Utilman.exe
uudf.dll
UvcModel.dll
UXInit.dll
uxlib.dll
uxlibres.dll
uxtheme.dll
uxtheme.dll.backup
v7vga.rom
vac.dll
VAN.dll
Vault.dll
vaultcli.dll
VaultCmd.exe
VaultRoaming.dll
vaultsvc.dll
vbajet32.dll
VBICodec.ax
vbisurf.ax
vbscript.dll
vcamp110.dll
vcamp120.dll
vcamp140.dll
VCardParser.dll
vccorlib110.dll
vccorlib120.dll
vccorlib140.dll
vcomp100.dll
vcomp110.dll
vcomp120.dll
vcomp140.dll
vcruntime140.dll
vcruntime140_clr0400.dll
vdir.exe
vdir.exe
vdir.exe
vdmdbg.dll
vdmredir.dll
vds.exe
vds_ps.dll
vdsbas.dll
vdsdyn.dll
vdsldr.exe
vdsutil.dll
vdsvd.dll
vdswmi.dll
ver.dll
verclsid.exe
verifier.dll
verifier.exe
verifiergui.exe
version.dll
vfuprov.dll
vfwwdm32.dll
vga.drv
vi
vi
vi
vidcap.ax
VideoHandlers.dll
VIDRESZR.DLL
view.exe
view.exe
view.exe
viewprov.dll
vim.exe
vim.exe
vim.exe
vimdiff.exe
vimdiff.exe
vimdiff.exe
vimtutor
vimtutor
vimtutor
virtdisk.dll
VmApplicationHealthMonitorProxy.dll
vmbuspipe.dll
vmconnect.exe
vmictimeprovider.dll
vmrdvcore.dll
vmstaging.dll
VocabRoamingHandler.dll
VoiceActivationManager.dll
VoipRT.dll
vpnclientpsprovider.dll
vpnike.dll
vpnikeapi.dll
VpnSohDesktop.dll
VPNv2CSP.dll
VscMgrPS.dll
vss_ps.dll
vssadmin.exe
vssapi.dll
vsstrace.dll
VSSVC.exe
vsswmi.dll
w32time.dll
w32tm.exe
w32topl.dll
WaaSAssessment.dll
WaaSMedicPS.dll
WaaSMedicSvc.dll
WABSyncProvider.dll
wait
waitfor.exe
WalletBackgroundServiceProxy.dll
WalletProxy.dll
WalletService.dll
WallpaperHost.exe
wamregps.dll
wavemsp.dll
wbadmin.exe
wbemcntl.dll
wbemcomn.dll
wbemcons.dll
wbemcore.dll
wbemdisp.dll
wbemdisp.tlb
wbemess.dll
wbemprox.dll
wbemsvc.dll
wbemtest.exe
wbengine.exe
wbiosrvc.dll
wc.exe
wc.exe
wc.exe
wc_storage.dll
wcimage.dll
wcl.dll
wclEtw.dll
wclPowrProf.dll
wclSqm.dll
wclUnicode.dll
wclWdi.dll
wcmapi.dll
wcmcsp.dll
wcmsvc.dll
WcnApi.dll
wcncsvc.dll
WcnEapAuthProxy.dll
WcnEapPeerProxy.dll
WcnNetsh.dll
wcnwiz.dll
WdacWmiProv.dll
wdc.dll
WdfCoInstaller01011.dll
wdi.dll
wdigest.dll
wdmaud.drv
wdscore.dll
WEB.rs
webauthn.dll
WebCache.exe
WebcamUi.dll
webcheck.dll
WebClnt.dll
webio.dll
webplatstorageserver.dll
WebRuntimeManager.dll
webservices.dll
Websocket.dll
wecapi.dll
wecsvc.dll
wecutil.exe
wephostsvc.dll
wer.dll
werconcpl.dll
wercplsupport.dll
werdiagcontroller.dll
weretw.dll
WerFault.exe
WerFaultSecure.exe
wermgr.exe
wersvc.dll
werui.dll
wevtapi.dll
wevtfwd.dll
wevtsvc.dll
wevtutil.exe
wextract.exe
wfapigp.dll
wfascim.dll
wfdprov.dll
WFDSConMgr.dll
WFDSConMgrSvc.dll
WfHC.dll
WFS.exe
WFSR.dll
WFWNET.DRV
whealogr.dll
where.exe
whhelper.dll
which.exe
which.exe
which.exe
while
who.exe
who.exe
who.exe
whoami.exe
whoami.exe
whoami.exe
whoami.exe
WhoUses.exe
WhoUses.exe
wiaacmgr.exe
wiaaut.dll
wiadefui.dll
wiadss.dll
wiarpc.dll
wiascanprofiles.dll
wiaservc.dll
wiashext.dll
wiatrace.dll
WIFEMAN.DLL
WiFiConfigSP.dll
wificonnapi.dll
WiFiDisplay.dll
wifinetworkmanager.dll
wifiprofilessettinghandler.dll
wifitask.exe
wimgapi.dll
wimserv.exe
win.com
Win32_DeviceGuard.dll
Win32_EncryptableVolume.dll
Win32_Tpm.dll
win32appinventorycsp.dll
win32k.sys
win32kbase.sys
win32kfull.sys
win32spl.dll
win32u.dll
win87em.dll
winbio.dll
WinBioDataModel.dll
WinBioDataModelOOBE.exe
winbioext.dll
winbrand.dll
wincorlib.dll
wincredprovider.dll
wincredui.dll
WindowManagement.dll
Windows.AccountsControl.dll
Windows.AI.MachineLearning.Preview.dll
Windows.ApplicationModel.Background.SystemEventsBroker.dll
Windows.ApplicationModel.Background.TimeBroker.dll
Windows.ApplicationModel.Core.dll
windows.applicationmodel.datatransfer.dll
Windows.ApplicationModel.dll
Windows.ApplicationModel.LockScreen.dll
Windows.ApplicationModel.Store.dll
Windows.ApplicationModel.Store.TestingFramework.dll
Windows.ApplicationModel.Wallet.dll
Windows.CloudDomainJoinAUG.ProxyStub.dll
Windows.CloudStore.dll
Windows.CloudStore.Schema.DesktopShell.dll
Windows.CloudStore.Schema.Shell.dll
Windows.Cortana.Desktop.dll
Windows.Cortana.OneCore.dll
Windows.Cortana.PAL.Desktop.dll
Windows.Cortana.ProxyStub.dll
Windows.Data.Activities.dll
Windows.Data.Pdf.dll
Windows.Devices.AllJoyn.dll
Windows.Devices.Background.dll
Windows.Devices.Background.ps.dll
Windows.Devices.Bluetooth.dll
Windows.Devices.Custom.dll
Windows.Devices.Custom.ps.dll
Windows.Devices.Enumeration.dll
Windows.Devices.Haptics.dll
Windows.Devices.HumanInterfaceDevice.dll
Windows.Devices.Lights.dll
Windows.Devices.LowLevel.dll
Windows.Devices.Midi.dll
Windows.Devices.Perception.dll
Windows.Devices.Picker.dll
Windows.Devices.PointOfService.dll
Windows.Devices.Portable.dll
Windows.Devices.Printers.dll
Windows.Devices.Printers.Extensions.dll
Windows.Devices.Radios.dll
Windows.Devices.Scanners.dll
Windows.Devices.Sensors.dll
Windows.Devices.SerialCommunication.dll
Windows.Devices.SmartCards.dll
Windows.Devices.SmartCards.Phone.dll
Windows.Devices.Usb.dll
Windows.Devices.WiFi.dll
Windows.Devices.WiFiDirect.dll
Windows.Energy.dll
Windows.Gaming.Input.dll
Windows.Gaming.Preview.dll
Windows.Gaming.UI.GameBar.dll
Windows.Gaming.XboxLive.Storage.dll
Windows.Globalization.dll
Windows.Globalization.Fontgroups.dll
Windows.Globalization.PhoneNumberFormatting.dll
Windows.Graphics.Display.BrightnessOverride.dll
Windows.Graphics.Display.DisplayEnhancementOverride.dll
Windows.Graphics.dll
Windows.Graphics.Printing.3D.dll
Windows.Graphics.Printing.dll
Windows.Graphics.Printing.Workflow.dll
Windows.Graphics.Printing.Workflow.Native.dll
Windows.Help.Runtime.dll
windows.immersiveshell.serviceprovider.dll
Windows.Internal.AdaptiveCards.XamlCardRenderer.dll
Windows.Internal.Bluetooth.dll
Windows.Internal.CapturePicker.Desktop.dll
Windows.Internal.CapturePicker.dll
Windows.Internal.Graphics.Display.DisplayEnhancementManagement.dll
Windows.Internal.Management.dll
Windows.Internal.Management.SecureAssessment.dll
Windows.Internal.PlatformExtension.DevicePickerExperience.dll
Windows.Internal.PlatformExtension.MiracastBannerExperience.dll
Windows.Internal.PredictionUnit.dll
Windows.Internal.SecurityMitigationsBroker.dll
Windows.Internal.Shell.Broker.dll
windows.internal.shellcommon.AccountsControlExperience.dll
windows.internal.shellcommon.AppResolverModal.dll
Windows.Internal.ShellCommon.Broker.dll
windows.internal.shellcommon.FilePickerExperienceMEM.dll
Windows.Internal.ShellCommon.PrintExperience.dll
windows.internal.shellcommon.shareexperience.dll
windows.internal.shellcommon.ShellPosition.dll
windows.internal.shellcommon.TokenBrokerModal.dll
Windows.Internal.Signals.dll
Windows.Internal.UI.BioEnrollment.ProxyStub.dll
Windows.Internal.UI.Logon.ProxyStub.dll
Windows.Management.Provisioning.ProxyStub.dll
Windows.Management.SecureAssessment.CfgProvider.dll
Windows.Management.SecureAssessment.Diagnostics.dll
Windows.Management.Workplace.dll
Windows.Management.Workplace.WorkplaceSettings.dll
Windows.Media.Audio.dll
Windows.Media.BackgroundMediaPlayback.dll
Windows.Media.BackgroundPlayback.exe
Windows.Media.Devices.dll
Windows.Media.dll
Windows.Media.Editing.dll
Windows.Media.FaceAnalysis.dll
Windows.Media.Import.dll
Windows.Media.MediaControl.dll
Windows.Media.Ocr.dll
Windows.Media.Playback.BackgroundMediaPlayer.dll
Windows.Media.Playback.MediaPlayer.dll
Windows.Media.Playback.ProxyStub.dll
Windows.Media.Protection.PlayReady.dll
Windows.Media.Renewal.dll
Windows.Media.Speech.dll
Windows.Media.Speech.UXRes.dll
Windows.Media.Streaming.dll
Windows.Media.Streaming.ps.dll
Windows.Mirage.dll
Windows.Mirage.Internal.dll
Windows.Networking.BackgroundTransfer.BackgroundManagerPolicy.dll
Windows.Networking.BackgroundTransfer.ContentPrefetchTask.dll
Windows.Networking.BackgroundTransfer.dll
Windows.Networking.Connectivity.dll
Windows.Networking.dll
Windows.Networking.HostName.dll
Windows.Networking.NetworkOperators.ESim.dll
Windows.Networking.NetworkOperators.HotspotAuthentication.dll
Windows.Networking.Proximity.dll
Windows.Networking.ServiceDiscovery.Dnssd.dll
Windows.Networking.Sockets.PushEnabledApplication.dll
Windows.Networking.UX.EapRequestHandler.dll
Windows.Networking.Vpn.dll
Windows.Networking.XboxLive.ProxyStub.dll
Windows.Payments.dll
Windows.Perception.Stub.dll
Windows.Security.Authentication.Identity.Provider.dll
Windows.Security.Authentication.OnlineId.dll
Windows.Security.Authentication.Web.Core.dll
Windows.Security.Credentials.UI.CredentialPicker.dll
Windows.Security.Credentials.UI.UserConsentVerifier.dll
Windows.Services.TargetedContent.dll
Windows.SharedPC.AccountManager.dll
Windows.SharedPC.CredentialProvider.dll
Windows.Shell.BlueLightReduction.dll
Windows.Shell.Search.UriHandler.dll
Windows.Shell.ServiceHostBuilder.dll
Windows.Shell.StartLayoutPopulationEvents.dll
Windows.StateRepository.dll
Windows.StateRepositoryBroker.dll
Windows.StateRepositoryClient.dll
Windows.StateRepositoryCore.dll
Windows.StateRepositoryPS.dll
Windows.StateRepositoryUpgrade.dll
Windows.Storage.ApplicationData.dll
Windows.Storage.Compression.dll
windows.storage.dll
Windows.Storage.OneCore.dll
Windows.Storage.Search.dll
Windows.System.Diagnostics.dll
Windows.System.Diagnostics.Telemetry.PlatformTelemetryClient.dll
Windows.System.Diagnostics.TraceReporting.PlatformDiagnosticActions.dll
Windows.System.Launcher.dll
Windows.System.Profile.HardwareId.dll
Windows.System.Profile.PlatformDiagnosticsAndUsageDataSettings.dll
Windows.System.Profile.RetailInfo.dll
Windows.System.Profile.SystemId.dll
Windows.System.Profile.SystemManufacturers.dll
Windows.System.RemoteDesktop.dll
Windows.System.SystemManagement.dll
Windows.System.UserDeviceAssociation.dll
Windows.System.UserProfile.DiagnosticsSettings.dll
Windows.UI.AppDefaults.dll
Windows.UI.BioFeedback.dll
Windows.UI.BlockedShutdown.dll
Windows.UI.Core.TextInput.dll
Windows.UI.Cred.dll
Windows.UI.CredDialogController.dll
Windows.UI.dll
Windows.UI.Immersive.dll
Windows.UI.Input.Inking.Analysis.dll
Windows.UI.Input.Inking.dll
Windows.UI.Logon.dll
Windows.UI.NetworkUXController.dll
Windows.UI.PicturePassword.dll
Windows.UI.Search.dll
Windows.UI.Shell.dll
Windows.UI.Storage.dll
Windows.UI.Xaml.Controls.dll
Windows.UI.Xaml.dll
Windows.UI.Xaml.InkControls.dll
Windows.UI.Xaml.Maps.dll
Windows.UI.Xaml.Phone.dll
Windows.UI.Xaml.Resources.Common.dll
Windows.UI.Xaml.Resources.rs1.dll
Windows.UI.Xaml.Resources.rs2.dll
Windows.UI.Xaml.Resources.rs3.dll
Windows.UI.Xaml.Resources.rs4.dll
Windows.UI.Xaml.Resources.th.dll
Windows.UI.Xaml.Resources.win81.dll
Windows.UI.Xaml.Resources.win8rtm.dll
Windows.UI.XamlHost.dll
Windows.WARP.JITService.dll
Windows.WARP.JITService.exe
Windows.Web.Diagnostics.dll
Windows.Web.dll
Windows.Web.Http.dll
WindowsActionDialog.exe
WindowsCodecs.dll
WindowsCodecsExt.dll
WindowsCodecsRaw.dll
WindowsDefaultHeatProcessor.dll
WindowsInternal.ComposableShell.DesktopHosting.dll
windowslivelogin.dll
windowsperformancerecordercontrol.dll
WindowsUpdateElevatedInstaller.exe
winethc.dll
WinFax.dll
winhelp.exe
winhlp32.exe
winhttp.dll
winhttpcom.dll
wininet.dll
wininetlui.dll
wininit.exe
wininitext.dll
winipcfile.dll
winipcsecproc.dll
winipsec.dll
winjson.dll
Winlangdb.dll
winload.efi
winload.exe
winlogon.exe
winlogonext.dll
winmde.dll
WinMgmt.exe
WinMgmtR.dll
winml.dll
winmm.dll
winmmbase.dll
winmsipc.dll
WinMsoIrmProtector.dll
WINNLS.DLL
winnlsres.dll
winnsi.dll
WINOLDAP.MOD
WinOpcIrmProtector.dll
winpty.dll
winpty.dll
winpty.dll
winpty.exe
winpty.exe
winpty.exe
winpty-agent.exe
winpty-agent.exe
winpty-agent.exe
winpty-debugserver.exe
winpty-debugserver.exe
winpty-debugserver.exe
winresume.efi
winresume.exe
winrnr.dll
winrs.exe
winrscmd.dll
winrshost.exe
winrsmgr.dll
winrssrv.dll
WinRtTracing.dll
WinSAT.exe
WinSATAPI.dll
WinSCard.dll
WinSetupUI.dll
winshfhc.dll
winsku.dll
WINSOCK.DLL
winsockhc.dll
winspool.drv
WINSPOOL.EXE
winsqlite3.dll
WINSRPC.DLL
winsrv.dll
winsrvext.dll
winsta.dll
WinSync.dll
WinSyncMetastore.dll
WinSyncProviders.dll
wintrust.dll
WinTypes.dll
winusb.dll
winver.exe
wish.exe
wish.exe
wish86.exe
wish86.exe
wisp.dll
witnesswmiv2provider.dll
wkscli.dll
wkspbroker.exe
wkspbrokerAx.dll
wksprt.exe
wksprtPS.dll
wkssvc.dll
wlanapi.dll
wlancfg.dll
WLanConn.dll
wlandlg.dll
wlanext.exe
wlangpui.dll
WLanHC.dll
wlanhlp.dll
WlanMediaManager.dll
WlanMM.dll
wlanmsm.dll
wlanpref.dll
WlanRadioManager.dll
wlansec.dll
wlansvc.dll
wlansvcpal.dll
wlanui.dll
wlanutil.dll
Wldap32.dll
wldp.dll
wlgpclnt.dll
wlidcli.dll
wlidcredprov.dll
wlidfdp.dll
wlidnsp.dll
wlidprov.dll
wlidres.dll
wlidsvc.dll
wlrmdr.exe
WMADMOD.DLL
WMADMOE.DLL
WMALFXGFXDSP.dll
WMASF.DLL
wmcodecdspps.dll
wmdmlog.dll
wmdmps.dll
wmdrmsdk.dll
wmerror.dll
wmi.dll
WMIADAP.exe
WmiApRes.dll
WmiApRpl.dll
WmiApSrv.exe
WMIC.exe
wmiclnt.dll
wmicmiplugin.dll
WMICOOKR.dll
wmidcom.dll
WmiDcPrv.dll
wmidx.dll
wmipcima.dll
wmipdfs.dll
wmipdskq.dll
WmiPerfClass.dll
WmiPerfInst.dll
WMIPICMP.dll
WMIPIPRT.dll
WMIPJOBJ.dll
wmiprop.dll
wmiprov.dll
WmiPrvSD.dll
WmiPrvSE.exe
WMIPSESS.dll
WMIsvc.dll
wmitimep.dll
wmitomi.dll
wmiutils.dll
WMNetMgr.dll
wmp.dll
WMPDMC.exe
WmpDui.dll
wmpdxm.dll
wmpeffects.dll
WMPhoto.dll
wmploc.DLL
wmpps.dll
wmpshell.dll
wmsgapi.dll
WMSPDMOD.DLL
WMSPDMOE.DLL
WMVCORE.DLL
WMVDECOD.DLL
wmvdspa.dll
WMVENCOD.DLL
WMVSDECD.DLL
WMVSENCD.DLL
WMVXENCD.DLL
WofTasks.dll
WofUtil.dll
WordBreakers.dll
wordpad
wordpad
wordpad
WorkFolders.exe
WorkfoldersControl.dll
WorkFoldersGPExt.dll
WorkFoldersRes.dll
WorkFoldersShell.dll
workfolderssvc.dll
wow32.dll
WOWDEB.EXE
WOWEXEC.EXE
WpAXHolder.dll
wpbcreds.dll
Wpc.dll
WpcApi.dll
WpcDesktopMonSvc.dll
WpcMon.exe
WpcRefreshTask.dll
WpcTok.exe
WpcWebFilter.dll
wpd_ci.dll
wpdbusenum.dll
wpdshext.dll
WPDShextAutoplay.exe
WPDShServiceObj.dll
WPDSp.dll
wpnapps.dll
wpnclient.dll
wpncore.dll
wpninprc.dll
wpnpinst.exe
wpnprv.dll
wpnservice.dll
wpnsruprov.dll
WpnUserService.dll
WpPortingLibrary.dll
WppRecorderUM.dll
wpr.exe
WPTaskScheduler.dll
wpx.dll
write.exe
write.exe
ws2_32.dll
ws2help.dll
wscadminui.exe
wscapi.dll
wscinterop.dll
wscisvif.dll
WSClient.dll
WSCollect.exe
wscproxystub.dll
wscript.exe
wscsvc.dll
wscui.cpl
WSDApi.dll
wsdchngr.dll
WSDMon.dll
WSDPrintProxy.DLL
WSDScanProxy.dll
wsecedit.dll
wsepno.dll
wshbth.dll
wshcon.dll
wshelper.dll
wshext.dll
wshhyperv.dll
wship6.dll
wshirda.dll
wshnetbs.dll
wshom.ocx
wshqos.dll
wshrm.dll
WSHTCPIP.DLL
wshunix.dll
WsmAgent.dll
WSManHTTPConfig.exe
WSManMigrationPlugin.dll
WsmAuto.dll
wsmplpxy.dll
wsmprovhost.exe
WsmRes.dll
WsmSvc.dll
WsmWmiPl.dll
wsnmp32.dll
wsock32.dll
wsp_fs.dll
wsp_health.dll
wsp_sr.dll
wsplib.dll
wsqmcons.exe
WSReset.exe
WSTPager.ax
wtsapi32.dll
wuapi.dll
wuapihost.exe
WUAProvider.dll
wuauclt.exe
wuaueng.dll
wuceffects.dll
WUDFCoinstaller.dll
WUDFCompanionHost.exe
WUDFHost.exe
WUDFPlatform.dll
WudfSMCClassExt.dll
WUDFx.dll
WUDFx02000.dll
wudriver.dll
wups.dll
wups2.dll
wusa.exe
wuuhext.dll
wuuhosdeployment.dll
wvc.dll
WwaApi.dll
WwaExt.dll
WWAHost.exe
WWanAPI.dll
wwancfg.dll
wwanconn.dll
WWanHC.dll
wwanmm.dll
Wwanpref.dll
wwanprotdim.dll
WwanRadioManager.dll
wwansvc.dll
wwapi.dll
x264vfw.dll
x3daudio1_0.dll
x3daudio1_1.dll
X3DAudio1_2.dll
X3DAudio1_3.dll
X3DAudio1_4.dll
X3DAudio1_5.dll
X3DAudio1_6.dll
X3DAudio1_7.dll
xactengine2_0.dll
xactengine2_1.dll
xactengine2_10.dll
xactengine2_2.dll
xactengine2_3.dll
xactengine2_4.dll
xactengine2_5.dll
xactengine2_6.dll
xactengine2_7.dll
xactengine2_8.dll
xactengine2_9.dll
xactengine3_0.dll
xactengine3_1.dll
xactengine3_2.dll
xactengine3_3.dll
xactengine3_4.dll
xactengine3_5.dll
xactengine3_6.dll
xactengine3_7.dll
XamlTileRender.dll
XAPOFX1_0.dll
XAPOFX1_1.dll
XAPOFX1_2.dll
XAPOFX1_3.dll
XAPOFX1_4.dll
XAPOFX1_5.dll
xargs.exe
xargs.exe
xargs.exe
XAudio2_0.dll
XAudio2_1.dll
XAudio2_2.dll
XAudio2_3.dll
XAudio2_4.dll
XAudio2_5.dll
XAudio2_6.dll
XAudio2_7.dll
XAudio2_8.dll
XAudio2_9.dll
xbgmengine.dll
xbgmsvc.exe
XblAuthManager.dll
XblAuthManagerProxy.dll
XblAuthTokenBrokerExt.dll
XblGameSave.dll
XblGameSaveExt.dll
XblGameSaveProxy.dll
XblGameSaveTask.exe
XboxGipRadioManager.dll
xboxgipsvc.dll
xboxgipsynthetic.dll
XboxNetApiSvc.dll
xcopy.exe
xgettext.exe
xgettext.exe
xgettext.exe
xinput1_1.dll
xinput1_2.dll
xinput1_3.dll
XInput1_4.dll
XInput9_1_0.dll
XInputUap.dll
xmlcatalog.exe
xmlcatalog.exe
xmlcatalog.exe
xmlfilter.dll
xmllint.exe
xmllint.exe
xmllint.exe
xmllite.dll
xmlprovi.dll
xmlwf.exe
xmlwf.exe
xmlwf.exe
xmlwf.exe
xmlwf.exe
xolehlp.dll
XpsDocumentTargetPrint.dll
XpsGdiConverter.dll
XpsPrint.dll
XpsRasterService.dll
xpsservices.dll
xsubpp
xvidcore.dll
xvidvfw.dll
xwizard.exe
xwizards.dll
xwreg.dll
xwtpdui.dll
xwtpw32.dll
xxd.exe
xxd.exe
xxd.exe
yes.exe
yes.exe
yes.exe
zcat
zcat
zcat
zcmp
zcmp
zcmp
zdiff
zdiff
zdiff
zegrep
zegrep
zegrep
zfgrep
zfgrep
zfgrep
zforce
zforce
zforce
zgrep
zgrep
zgrep
zipcontainer.dll
zipdetails
zipfldr.dll
zipgrep
zipgrep
zipgrep
zipinfo.exe
zipinfo.exe
zipinfo.exe
zless
zless
zless
zlib1.dll
zlib1.dll
zmore
zmore
zmore
znew
znew
znew
ztrace_maps.dll
.babelrc
.bash_history
.config
.git
.gitconfig
.node_repl_history
.ssh
.viminfo
3D Objects
AppData
Application Data
Contacts
Cookies
demos
Desktop
Documents
Downloads
Favorites
jsfiddle-api@0.0.1
jsfiddler
KLN INFEED-dream-co-id
Links
Local Settings
mesa
MicrosoftEdgeBackups
Music
My Documents
NetHood
node
node_modules
NTUSER.DAT
ntuser.dat.LOG1
ntuser.dat.LOG2
NTUSER.DAT{0ed1b5f7-3d86-11e8-a9df-7cfe90913f20}.TxR.0.regtrans-ms
NTUSER.DAT{0ed1b5f7-3d86-11e8-a9df-7cfe90913f20}.TxR.1.regtrans-ms
NTUSER.DAT{0ed1b5f7-3d86-11e8-a9df-7cfe90913f20}.TxR.2.regtrans-ms
NTUSER.DAT{0ed1b5f7-3d86-11e8-a9df-7cfe90913f20}.TxR.blf
NTUSER.DAT{0ed1b5f8-3d86-11e8-a9df-7cfe90913f20}.TM.blf
NTUSER.DAT{0ed1b5f8-3d86-11e8-a9df-7cfe90913f20}.TMContainer00000000000000000001.regtrans-ms
NTUSER.DAT{0ed1b5f8-3d86-11e8-a9df-7cfe90913f20}.TMContainer00000000000000000002.regtrans-ms
ntuser.ini
OneDrive
package-lock.json
Pictures
PrintHood
Recent
repository
Saved Games
Searches
SendTo
simplegit-progit
Start Menu
Templates
tmrowapp-contrib
Tracing
UsersAdministrator.git
UsersAdministrator.gitconfig
UsersAdministratorDocumentscircleciconfig.yml
Videos
YandexDisk
Administrator
Administrators
Administrators
LOCAL SERVICE
NETWORK SERVICE
NT SERVICE+TrustedInstaller
SYSTEM
SYSTEM
activesync
afpovertcp
afpovertcp
auth
bgp
biff
bootpc
bootps
chargen
chargen
cifs
cifs
close-combat
close-combat
cmd
conference
courier
crs
crs
daytime
daytime
dccm
dccm
dhcpv6-client
dhcpv6-client
dhcpv6-server
dhcpv6-server
directplay
directplay
directplay8
directplay8
directplaysrvr
directplaysrvr
discard
discard
domain
domain
doom
doom
dvcprov-port
dvcprov-port
echo
echo
efs
epmap
epmap
exec
finger
ftp
ftp-data
ftps
ftps-data
gopher
hmmp-ind
hmmp-ind
hmmp-op
hmmp-op
hostname
hosts2-ns
hosts2-ns
http
http-rpc-epmap
http-rpc-epmap
https
https
icslap
icslap
imap
imaps
imip-channels
imip-channels
ingreslock
ipsec-msft
ipsec-msft
ipx
irc
ircs
irc-serv
irc-serv
isakmp
iso-tsap
kerberos
kerberos
kerberos-adm
kerberos-adm
kerberos-iv
klogin
knetd
kpasswd
kpasswd
kpop
kshell
l2tp
ldap
ldaps
llmnr
llmnr
login
man
mdbs_daemon
mdbs_daemon
mftp
mftp
microsoft-ds
microsoft-ds
monitor
ms-cluster-net
ms-cluster-net
ms-do
ms-do
ms-dotnetster
ms-dotnetster
msdts1
msexch-routing
msexch-routing
msft-gc
msft-gc
msft-gc-ssl
msft-gc-ssl
msfw-control
msiccp
msiccp
ms-la
ms-la
ms-licensing
ms-licensing
msmq
msmq
msnp
msnp
ms-olap1
ms-olap1
ms-olap2
ms-olap2
ms-olap3
ms-olap3
ms-olap4
ms-olap4
msolap-ptp2
msolap-ptp2
ms-rome
ms-rome
ms-rule-engine
ms-rule-engine
ms-shuttle
ms-shuttle
ms-sna-base
ms-sna-base
ms-sna-server
ms-sna-server
ms-sql-m
ms-sql-m
ms-sql-s
ms-sql-s
ms-streaming
ms-streaming
ms-theater
ms-theater
ms-v-worlds
ms-v-worlds
ms-wbt-server
ms-wbt-server
mzap
mzap
nameserver
nameserver
netbios-dgm
netbios-ns
netbios-ns
netbios-ssn
net-device
net-device
netnews
netwall
new-rwho
nfa
nfa
nfsd
nfsd-keepalive
nfsd-status
nicname
nntp
nntps
nntps
ntalk
ntp
opsmgr
opsmgr
p2pgroup
p2pgroup
pcmail-srv
phone
pnrp-port
pnrp-port
pop2
pop3
pop3s
pop3s
pptconference
pptconference
pptp
printer
print-srv
qotd
qotd
qwave
qwave
radacct
radius
rasadv
rasadv
remotefs
remote-winsock
remote-winsock
rlp
rmonitor
router
rrac
rrac
rtelnet
rtsp
rtsp
rtsps
rtsps
sdp-portmapper
sdp-portmapper
sms-chat
sms-chat
sms-rcinfo
sms-rcinfo
sms-remctrl
sms-remctrl
sms-xfer
sms-xfer
smtp
snmp
snmptrap
sql-net
sqlserv
sqlsrv
ssdp
ssdp
ssh
stt
stt
sunrpc
sunrpc
syslog
systat
systat
talk
telnet
telnets
tempo
teredo
teredo
tftp
time
time
timed
ulp
ulp
uucp
uucp-path
who
whoami
whoami
wins
wins
wlbs
wlbs
wsd
wsd
ws-discovery
ws-discovery
xbox
xbox
.config
.git
.ssh
3D Objects
AppData
Application Data
Contacts
Cookies
demos
Desktop
Documents
Downloads
Favorites
Links
Local Settings
mesa
MicrosoftEdgeBackups
Music
My Documents
NetHood
node_modules
OneDrive
Pictures
PrintHood
Recent
repository
Saved Games
Searches
SendTo
simplegit-progit
Start Menu
Templates
tmrowapp-contrib
Tracing
UsersAdministrator.git
UsersAdministrator.gitconfig
Videos
YandexDisk

Administrator@TXXC520ZA99FVXM MINGW32 ~ (master|BISECTING)
$

